{
  "classification": "R6_EXACT_CURRENT_BROWSER_NAVIGATION_CONTEXT_PROOF",
  "source": {
    "sha256": "557d9f617ee614d7bd21e2b7d76ffad318c476727dd48c2dbf5b84923f30eb1e",
    "files": 271
  },
  "status": "PASS",
  "before": {
    "owner": "GlobalShellNavigationOwner",
    "surface": "library",
    "bookmark": {
      "schemaVersion": 1,
      "owner": "GlobalShellNavigationOwner",
      "surface": "library",
      "href": "about:blank?surface=library&r6=1",
      "capturedAt": "2026-09-18T23:09:37.273Z",
      "windowScroll": {
        "x": 0,
        "y": 0
      },
      "scroll": [
        {
          "key": "center-document",
          "top": 0,
          "left": 0
        }
      ],
      "focus": {
        "destination": "library"
      }
    },
    "focused": {
      "destination": "library"
    },
    "centerScroll": 0,
    "state": {
      "owner": "GlobalShellNavigationOwner",
      "surface": "library",
      "bookmarkKey": "cep:shell:bookmark:library",
      "reason": "r6-back-forward-browser-proof",
      "bookmark": {
        "schemaVersion": 1,
        "owner": "GlobalShellNavigationOwner",
        "surface": "library",
        "href": "about:blank?surface=library&r6=1",
        "capturedAt": "2026-09-18T23:09:37.273Z",
        "windowScroll": {
          "x": 0,
          "y": 0
        },
        "scroll": [
          {
            "key": "center-document",
            "top": 0,
            "left": 0
          }
        ],
        "focus": {
          "destination": "library"
        }
      }
    }
  },
  "back": {
    "state": {
      "owner": "GlobalShellNavigationOwner",
      "surface": "library",
      "bookmarkKey": "cep:shell:bookmark:library",
      "reason": "r6-back-forward-browser-proof",
      "bookmark": {
        "schemaVersion": 1,
        "owner": "GlobalShellNavigationOwner",
        "surface": "library",
        "href": "about:blank?surface=library&r6=1",
        "capturedAt": "2026-09-18T23:09:37.273Z",
        "windowScroll": {
          "x": 0,
          "y": 0
        },
        "scroll": [
          {
            "key": "center-document",
            "top": 0,
            "left": 0
          }
        ],
        "focus": {
          "destination": "library"
        }
      }
    },
    "href": "about:blank?surface=library&r6=1",
    "focus": "forward"
  },
  "restoreResult": true,
  "afterRestore": {
    "restored": "true",
    "status": "restored",
    "focus": {
      "destination": "library"
    },
    "centerScroll": 0,
    "state": {
      "owner": "GlobalShellNavigationOwner",
      "surface": "library",
      "bookmarkKey": "cep:shell:bookmark:library",
      "reason": "r6-back-forward-browser-proof",
      "bookmark": {
        "schemaVersion": 1,
        "owner": "GlobalShellNavigationOwner",
        "surface": "library",
        "href": "about:blank?surface=library&r6=1",
        "capturedAt": "2026-09-18T23:09:37.273Z",
        "windowScroll": {
          "x": 0,
          "y": 0
        },
        "scroll": [
          {
            "key": "center-document",
            "top": 0,
            "left": 0
          }
        ],
        "focus": {
          "destination": "library"
        }
      }
    }
  },
  "forward": {
    "probe": true,
    "hash": "#r6-forward-probe"
  },
  "limitations": [
    "Blob ESM transport preserves exact current built module bytes; policy prevents cross-document localhost navigation, so bookmark restore is invoked on the same GlobalShellNavigationOwner after a real browser history back transition.",
    "23-route load/construction is proven separately at 1440x1000 and 1024x900."
  ]
}
