{
  "summary": {
    "total": 7,
    "pass": 1,
    "fail": 6
  },
  "flows": [
    {
      "id": "enterprise-twin-baseline",
      "status": "FAIL",
      "failureClassification": "UNKNOWN",
      "error": "page.goto: Timeout 30000ms exceeded."
    },
    {
      "id": "runs-preflight-run-recorded",
      "status": "FAIL",
      "failureClassification": "UNKNOWN",
      "error": "page.goto: Timeout 30000ms exceeded."
    },
    {
      "id": "results-aar-compare",
      "status": "FAIL",
      "failureClassification": "UNKNOWN",
      "error": "page.goto: Timeout 30000ms exceeded."
    },
    {
      "id": "replay-causality-timeline-scrub",
      "status": "FAIL",
      "failureClassification": "UNKNOWN",
      "error": "page.goto: Timeout 30000ms exceeded."
    },
    {
      "id": "spatial-select-connect-canonical-edge@1440x1000",
      "status": "FAIL",
      "failureClassification": "UNKNOWN",
      "error": "page.goto: Timeout 30000ms exceeded."
    },
    {
      "id": "spatial-select-connect-canonical-edge@1024x900",
      "status": "FAIL",
      "failureClassification": "UNKNOWN",
      "error": "page.goto: Timeout 30000ms exceeded."
    },
    {
      "id": "run-terminal-detach",
      "status": "PASS",
      "failureClassification": null,
      "error": ""
    }
  ]
}
