PASS shell
PASS today
PASS library
PASS learn
PASS rq
PASS visualize
PASS enterprise
PASS labs
PASS results
PASS runs
PASS scenarios
PASS evidence
PASS mastery
PASS portfolio
PASS reviews
PASS configuration
PASS manual_ai
PASS releases
PASS backup
PASS health
PASS processing
PASS audit
PASS validation
{
  "status": "PASS",
  "summary": {
    "surfaces": 23,
    "pass": 23,
    "fail": 0,
    "screenshots": 46
  },
  "statesObserved": [
    "EMPTY",
    "ERROR",
    "READ_ONLY",
    "clean",
    "closed",
    "collapsed",
    "compact",
    "empty",
    "idle",
    "open",
    "unavailable"
  ],
  "failureCount": 0,
  "failures": []
}
