{
  "status": "PASS",
  "checks": 22,
  "pass": 22,
  "fail": [],
  "browser": {
    "engine": "Chromium",
    "executable": "/usr/bin/chromium",
    "transport": "Chrome DevTools Protocol",
    "headless": true
  },
  "screenshots": [
    {
      "filename": "library-context-inspector-corrected.png",
      "bytes": 31111,
      "sha256": "2978f590a87fae6428a8bf0a729439555b10c8bef052238c54df3df87b4a262b"
    },
    {
      "filename": "spatial-context-inspector-corrected.png",
      "bytes": 34638,
      "sha256": "c32e38909dac53c12e47d49a592507e0cb3a2c225ea38b84a2235cf5d3f2d67f"
    }
  ]
}
