{
  "pass": true,
  "authority": "stack/native-typescript -> dist + dist-ts",
  "canonicalSourceHashBefore": "f8a861f31fe89b3ebb2810523b1ccdf37f9932134eb1666130860afca223412a",
  "canonicalSourceHashAfterBuildRuntime": "f8a861f31fe89b3ebb2810523b1ccdf37f9932134eb1666130860afca223412a",
  "canonicalSourceHashAfterStackProof": "f8a861f31fe89b3ebb2810523b1ccdf37f9932134eb1666130860afca223412a",
  "canonicalSourceFiles": 42,
  "generatedJsInventory": {
    "expected": 42,
    "dist": 42,
    "distTs": 42,
    "missingFromDist": [],
    "extraInDist": [],
    "missingFromDistTs": [],
    "extraInDistTs": []
  },
  "inspectedPackageCommands": [
    "build:runtime",
    "test",
    "check",
    "browser:test"
  ],
  "referencedTools": [
    "tools/browser-conformance.mjs",
    "tools/build-runtime.mjs",
    "tools/check-authority-intake.mjs",
    "tools/check-build-authority.mjs",
    "tools/check-contracts.mjs",
    "tools/check-deferred-boundary.mjs",
    "tools/check-duplicate-mechanics.mjs",
    "tools/check-vs05-command-ownership.mjs",
    "tools/check-w03-semantic-ownership.py",
    "tools/stack-proof.mjs",
    "tools/test-models.mjs",
    "tools/test-writer-scaffold.mjs",
    "tools/vs05-read-mode-matrix.mjs"
  ],
  "suspiciousCanonicalWriters": [],
  "buildRuntimeOutput": "{\n  \"pass\": true,\n  \"authority\": \"CANONICAL_SOURCE_TO_GENERATED_ONLY\",\n  \"source\": \"stack/native-typescript\",\n  \"destination\": \"dist\",\n  \"written\": 42,\n  \"removedStale\": 0\n}",
  "stackProofOutput": "{\"parity\":true,\"source\":\"stack/native-typescript\",\"generated\":[\"dist\",\"dist-ts\"],\"reverseGeneratedToSourceWrites\":false,\"js_tests\":{\"generatedTree\":\"dist\",\"runtime_dependencies\":0,\"build_steps\":1,\"model_pass\":177,\"model_fail\":0,\"build\":{\"pass\":true,\"authority\":\"CANONICAL_SOURCE_TO_GENERATED_ONLY\",\"source\":\"stack/native-typescript\",\"destination\":\"dist\",\"written\":42,\"removedStale\":0}},\"ts_tests\":{\"generatedTree\":\"dist-ts\",\"runtime_dependencies\":0,\"development_tool\":\"Node built-in stripTypeScriptTypes\",\"build_steps\":1,\"type_checking\":\"NOT_AVAILABLE_NOT_CLAIMED\",\"static_types\":\"Canonical TypeScript source; proof measures erasable-syntax generation parity only.\",\"model_pass\":177,\"model_fail\":0,\"emit_ms\":80.85770900000028,\"build\":{\"pass\":true,\"authority\":\"CANONICAL_SOURCE_TO_GENERATED_ONLY\",\"source\":\"stack/native-typescript\",\"destination\":\"dist-ts\",\"written\":42,\"removedStale\":0}},\"files\":42}"
}
