{
  "schemaVersion": 1,
  "kind": "VS05_STRUCTURED_COMMAND_AVAILABILITY_OWNERSHIP_GATE",
  "status": "PASS",
  "commandCount": 23,
  "checks": [
    {
      "id": "catalog.unique",
      "status": "PASS",
      "detail": {
        "count": 23
      }
    },
    {
      "id": "owner.one-registration",
      "status": "PASS",
      "detail": "Library and Learn bind identical canonical owner"
    },
    {
      "id": "availability.one-owner",
      "status": "PASS",
      "detail": {
        "owner": "StructuredCommandAvailabilityOwner",
        "policyRevision": "structured-command-availability-vs05-r2-read-mode"
      }
    },
    {
      "id": "read-mode.policy-catalog",
      "status": "PASS",
      "detail": {
        "persistentMutators": 22,
        "checkpointReadAllowed": true
      }
    },
    {
      "id": "read-mode.all-persistent-disabled",
      "status": "PASS",
      "detail": {
        "count": 22,
        "expected": "EDIT_MODE_REQUIRED"
      }
    },
    {
      "id": "read-mode.direct-registry-no-mutation",
      "status": "PASS",
      "detail": {
        "code": "EDIT_MODE_REQUIRED",
        "receiptDelta": 0
      }
    },
    {
      "id": "read-mode.negative-fixture",
      "status": "PASS",
      "detail": "deliberate block.align READ re-enable is detected by the durable matrix verifier"
    },
    {
      "id": "read-mode.no-legacy-format-allowlist",
      "status": "PASS",
      "detail": "legacy READ formatting/conversion exception removed from canonical owner"
    },
    {
      "id": "preflight.cannot-bypass-disabled",
      "status": "PASS",
      "detail": {
        "code": "LEVEL_START",
        "reason": "العنصر في بداية المستوى"
      }
    },
    {
      "id": "duplicate-owner.negative-fixture",
      "status": "PASS",
      "detail": "deliberate duplicate canonical command registration rejected"
    },
    {
      "id": "runtime.no-direct-main-save-bypass",
      "status": "PASS",
      "detail": "Save/autosave use document.commit registry route"
    },
    {
      "id": "runtime.history-registry-route",
      "status": "PASS",
      "detail": "Library history presentation delegates to canonical registry"
    },
    {
      "id": "runtime.recovery-registry-route",
      "status": "PASS",
      "detail": "Library recovery presentation delegates to canonical registry"
    },
    {
      "id": "runtime.palette-canonical-ids",
      "status": "PASS",
      "detail": "donor palette projects canonical command IDs"
    },
    {
      "id": "runtime.main-direct-mutation-deferred-only",
      "status": "PASS",
      "detail": "only VS-06 selection multi-delete remains explicit direct main mutation deferment"
    },
    {
      "id": "main.bind-before-runtime",
      "status": "PASS",
      "detail": "canonical command registrations exist before Library runtime mount"
    },
    {
      "id": "structured.execution-preflight",
      "status": "PASS",
      "detail": "execution rechecks the same Structured availability source"
    },
    {
      "id": "source-negative-fixture",
      "status": "PASS",
      "detail": {
        "directSaveBypass": true,
        "localAlias": true
      }
    }
  ],
  "deferred": [
    {
      "mechanic": "selection.multi-delete",
      "route": "applyStructuredMutation('main',{type:'removeMany'",
      "targetSlice": "VS-06",
      "status": "EXPLICITLY_DEFERRED"
    },
    {
      "mechanic": "keyboard-mapping",
      "targetSlice": "VS-09",
      "status": "MAPPING_UNCHANGED_SEMANTIC_ROUTES_CONVERGED"
    }
  ]
}
