{
  "schemaVersion": 1,
  "kind": "VS05_BOUNDED_READ_MODE_COMMAND_MATRIX",
  "status": "PASS",
  "executedAt": "2026-09-12T01:45:06.272Z",
  "sourceIdentity": {
    "sha256": "b5288b779e17e80e15bdcbbe0f999772fad856d7c971c5693b478c2569553f6e",
    "files": 42,
    "rows": [
      {
        "path": "adapters/context-library-structured.ts",
        "bytes": 2360,
        "sha256": "5776c7e215b1a5d22a386db62e2d9569a1ccb04411291b77b1a0a17117d47029"
      },
      {
        "path": "adapters/context-spatial.ts",
        "bytes": 2561,
        "sha256": "cc95945a7bd1de4527523a0d14406615abe9328c45c27cf6144925ff511cdd7c"
      },
      {
        "path": "adapters/learn.ts",
        "bytes": 769,
        "sha256": "a131f6d3bb83ad858b696b3d7dcfd79be6dd4139e2470e4441b8e99e84462c00"
      },
      {
        "path": "adapters/library-fixtures.ts",
        "bytes": 7812,
        "sha256": "ef244a43d17cbdfbda7fe00d42677cd6a51e3748e12df41e3ca8397c7da08cc1"
      },
      {
        "path": "adapters/simulation.ts",
        "bytes": 4280,
        "sha256": "691f5657fc7896852d596fd636e2c6eceb6cba08747f34395f2441f9ef799ce9"
      },
      {
        "path": "adapters/structured-documents.ts",
        "bytes": 2044,
        "sha256": "dc88d75e2912efbc453549b58b0c1b94857cf74e97869863e2f72c563ade01db"
      },
      {
        "path": "adapters/w03-enterprise.ts",
        "bytes": 1766,
        "sha256": "95eddab2f65ce23cee269220b7b3a1e6da69ba167cf2200ea75e2afefa5e0f41"
      },
      {
        "path": "adapters/w03-runs.ts",
        "bytes": 2036,
        "sha256": "73124f1c086d518afddcb2441364726e9528d8d3aff8f92fd2c5501b5ce847cd"
      },
      {
        "path": "adapters/w03-v34/domain-kernel.ts",
        "bytes": 9514,
        "sha256": "4f306fd89463e5c7c4df2b8bdcdf02b0226c16c3e4ce0cfa75bcc7b5701aa3de"
      },
      {
        "path": "adapters/w03-v34/enterprise-fixture.ts",
        "bytes": 2292,
        "sha256": "76720c5ea9d05fc5926d5445aec162c7e3fb24aa8c704ee86b864c231be0de0b"
      },
      {
        "path": "adapters/w03-v34/runs-fixture.ts",
        "bytes": 5253,
        "sha256": "8f5be1ad9d0f8274ca9e3cafe7245b8fa45102f80aeb2ab56dfabf3e20db9c1e"
      },
      {
        "path": "foundation/accepted-runtime.ts",
        "bytes": 328980,
        "sha256": "ce100d86aefec8b35a7fd5c886fb5e278a4c76fd8759b56163e92a6a80f81a81"
      },
      {
        "path": "foundation/global/commands.ts",
        "bytes": 4065,
        "sha256": "787d55e521181dc9798b6e9d922d8b53672763ec6ad20366abe468e7c3f85842"
      },
      {
        "path": "foundation/global/context-descriptor-contract.ts",
        "bytes": 5539,
        "sha256": "d80f84abd81189c72b79a228205f9eef228d986d0ba59f5826d25411766cf0b1"
      },
      {
        "path": "foundation/global/context-inspector.ts",
        "bytes": 12227,
        "sha256": "f2b6e961c35801b66bce67e1d3838287aa1f03e171463e21ce8353d5004cf950"
      },
      {
        "path": "foundation/global/pane-layout.ts",
        "bytes": 6482,
        "sha256": "c89fa05b6c1dac47d1aec5871fa8e529f652499c5033dd837c684ee3e73b3564"
      },
      {
        "path": "foundation/global/preferences/schema.ts",
        "bytes": 3149,
        "sha256": "8ef02f16aaa9a6caf39b0a7b1f7de923441695285eab6c824f34bda7492e2583"
      },
      {
        "path": "foundation/global/preferences/store.ts",
        "bytes": 5746,
        "sha256": "8ae3a06b11dcce2c7ec4825da622ca01761d8b9d2a83af8d008a4c1eeb97e934"
      },
      {
        "path": "foundation/global/region-contract.ts",
        "bytes": 2174,
        "sha256": "2a4f1c3b2dde88c8fc62835093a4cd6e7e56aea87a603b2ce38659f32099064b"
      },
      {
        "path": "foundation/global/responsive-layout.ts",
        "bytes": 903,
        "sha256": "8da7894aa117550bb69dd4dd2cf602eaf92d3235011453c01af2b81215e13e96"
      },
      {
        "path": "foundation/global/transient-focus.ts",
        "bytes": 3501,
        "sha256": "b26fca5230389a8e241b9f8a1825789c448cd83ad535a5e8ea2a2b543cc288e7"
      },
      {
        "path": "foundation/global/workspace-host-kernel.ts",
        "bytes": 1998,
        "sha256": "d8e8d43d5b7c7375fca55990f08bb4ad165fa79e02c7a904f4968d1a9b1abfb0"
      },
      {
        "path": "foundation/models.ts",
        "bytes": 12584,
        "sha256": "3ed9e7a9022fb85cad1b6f55594d079396603f51b1004a69286c558029efea7b"
      },
      {
        "path": "foundation/operational.ts",
        "bytes": 7535,
        "sha256": "2f6b28f8942bae27fe0c65b1bb724aaca89dbf83d6ffc41ffa1950a1b0d89e7e"
      },
      {
        "path": "foundation/relations.ts",
        "bytes": 4561,
        "sha256": "7c8ba7ce517de86333015e28f53d8630cc4a838f3ed7f08ef642fa63be4870a3"
      },
      {
        "path": "foundation/spatial.ts",
        "bytes": 16183,
        "sha256": "01ddaff71c99edf894fe9527aaf4bfcbeeb3c36909b6cd1e14b739455a09537b"
      },
      {
        "path": "foundation/spatial/accessible-navigator.ts",
        "bytes": 2225,
        "sha256": "33bea44ddb5663d71cf361ffdf55fae2a263c7389d6b5fc139d666f7e6af47b5"
      },
      {
        "path": "foundation/spatial/focus-contract.ts",
        "bytes": 939,
        "sha256": "bfa0752313b6b9728ab9f4aea54557c3f8bf08933b83a78ff3d3b988b3ff2926"
      },
      {
        "path": "foundation/spatial/interaction-kernel.ts",
        "bytes": 6070,
        "sha256": "dfd272d508574fd4008cb1803c703b29a5114972aa2d1ff73439ede3d8195e9a"
      },
      {
        "path": "foundation/spatial/relation-interaction.ts",
        "bytes": 11551,
        "sha256": "16e1f44fb9cf367887de4bcf43f3815ca9d07afbfd5d3da7d9ce63afa1b61d6d"
      },
      {
        "path": "foundation/spatial/selection-kernel.ts",
        "bytes": 7733,
        "sha256": "2a39792a4a264091dc18cb8d7c26d3028e8b5bb645506992828b6697a8d47129"
      },
      {
        "path": "foundation/structured.ts",
        "bytes": 70806,
        "sha256": "cea963f6dbe6430a122a9e7784f5f1b2a06f54d3cb9f99623948a307d0cd8a36"
      },
      {
        "path": "foundation/structured/clipboard-contract.ts",
        "bytes": 546,
        "sha256": "f24ef6f8129f3aacfa51fc20f44e1e8ea656cc3fcca35a3f983d14ec10febce2"
      },
      {
        "path": "foundation/structured/clipboard-owner.ts",
        "bytes": 16223,
        "sha256": "871b204ed28961ab101ef5946d0f5d97d5ed97294cd6bd268613e47a877025be"
      },
      {
        "path": "foundation/structured/selection-contract.ts",
        "bytes": 592,
        "sha256": "93c77df617f5148568082e368ad9366897f15c14c76c5dd8474d30ebfbe26960"
      },
      {
        "path": "foundation/structured/selection-dom-bridge.ts",
        "bytes": 2249,
        "sha256": "452360f40d2ff34659f396672ed24f83df3deaf658a8102613e7a899db346f7c"
      },
      {
        "path": "foundation/structured/selection-kernel.ts",
        "bytes": 13375,
        "sha256": "82016a5984164e2422c79e60372dc150f8eba176600707b11e2028e522e24a37"
      },
      {
        "path": "foundation/window-motion.ts",
        "bytes": 1437,
        "sha256": "b445198dea43893cc72eca850aea8a260c5405e3f5b91b572b9e8f16e2b1caf2"
      },
      {
        "path": "foundation/workspace-host.ts",
        "bytes": 15738,
        "sha256": "e39fe169f9cef1505f6774559b7e05c97c3ac3f50891d703d89c69f1ba5a2d04"
      },
      {
        "path": "foundation/workspace.ts",
        "bytes": 16403,
        "sha256": "065c12e8cdc4ebb8dfd9c93b3511cd9a97128c1cd63101d4c8fe6711c0bd3fd5"
      },
      {
        "path": "main.ts",
        "bytes": 28072,
        "sha256": "96a46fd7f88d8bee347163fa89084defc1930ff1e7ff84c2512db3b7e3815f9b"
      },
      {
        "path": "model-tests.ts",
        "bytes": 141012,
        "sha256": "5f06561c2baf2918ad7873aa577ada0132ac5dca6db016370b895c071d12aa0d"
      }
    ]
  },
  "catalog": {
    "shared": 23,
    "persistentMutators": 22,
    "readCheckpointCommands": [
      "document.commit"
    ]
  },
  "rows": [
    {
      "command": "history.undo",
      "mutability": {
        "class": "history-document-mutation",
        "persistentDocumentMutation": true,
        "readModeAllowed": false
      },
      "read": {
        "status": "PASS",
        "availability": {
          "id": "history.undo",
          "owner": "StructuredCommandAvailabilityOwner",
          "commandOwner": "StructuredDocumentDomainAdapter",
          "code": "EDIT_MODE_REQUIRED",
          "reason": "وضع القراءة غير قابل للتحرير؛ يتطلب هذا الأمر وضع التحرير.",
          "availabilityOwner": "StructuredCommandAvailabilityOwner",
          "enabled": false,
          "policyRevision": "structured-command-availability-vs05-r2-read-mode",
          "mutabilityClass": "history-document-mutation",
          "readModeAllowed": false
        },
        "result": {
          "ok": false,
          "code": "EDIT_MODE_REQUIRED",
          "reason": "وضع القراءة غير قابل للتحرير؛ يتطلب هذا الأمر وضع التحرير."
        },
        "zeroDocumentMutation": true,
        "zeroHistoryFrame": true,
        "zeroWorkingRevisionAdvance": true,
        "zeroDirtyTransition": true,
        "zeroAdapterMutationReceipt": true,
        "zeroRegistryReceipt": true
      },
      "edit": {
        "status": "PASS",
        "availability": {
          "id": "history.undo",
          "owner": "StructuredCommandAvailabilityOwner",
          "commandOwner": "StructuredDocumentDomainAdapter",
          "code": "AVAILABLE",
          "reason": "",
          "availabilityOwner": "StructuredCommandAvailabilityOwner",
          "enabled": true,
          "policyRevision": "structured-command-availability-vs05-r2-read-mode",
          "historyIndex": 1,
          "historyLength": 2
        },
        "result": {
          "ok": true
        },
        "registryReceiptDelta": 1
      }
    },
    {
      "command": "history.redo",
      "mutability": {
        "class": "history-document-mutation",
        "persistentDocumentMutation": true,
        "readModeAllowed": false
      },
      "read": {
        "status": "PASS",
        "availability": {
          "id": "history.redo",
          "owner": "StructuredCommandAvailabilityOwner",
          "commandOwner": "StructuredDocumentDomainAdapter",
          "code": "EDIT_MODE_REQUIRED",
          "reason": "وضع القراءة غير قابل للتحرير؛ يتطلب هذا الأمر وضع التحرير.",
          "availabilityOwner": "StructuredCommandAvailabilityOwner",
          "enabled": false,
          "policyRevision": "structured-command-availability-vs05-r2-read-mode",
          "mutabilityClass": "history-document-mutation",
          "readModeAllowed": false
        },
        "result": {
          "ok": false,
          "code": "EDIT_MODE_REQUIRED",
          "reason": "وضع القراءة غير قابل للتحرير؛ يتطلب هذا الأمر وضع التحرير."
        },
        "zeroDocumentMutation": true,
        "zeroHistoryFrame": true,
        "zeroWorkingRevisionAdvance": true,
        "zeroDirtyTransition": true,
        "zeroAdapterMutationReceipt": true,
        "zeroRegistryReceipt": true
      },
      "edit": {
        "status": "PASS",
        "availability": {
          "id": "history.redo",
          "owner": "StructuredCommandAvailabilityOwner",
          "commandOwner": "StructuredDocumentDomainAdapter",
          "code": "AVAILABLE",
          "reason": "",
          "availabilityOwner": "StructuredCommandAvailabilityOwner",
          "enabled": true,
          "policyRevision": "structured-command-availability-vs05-r2-read-mode",
          "historyIndex": 0,
          "historyLength": 2
        },
        "result": {
          "ok": true
        },
        "registryReceiptDelta": 1
      }
    },
    {
      "command": "block.insert",
      "mutability": {
        "class": "document-mutation",
        "persistentDocumentMutation": true,
        "readModeAllowed": false
      },
      "read": {
        "status": "PASS",
        "availability": {
          "id": "block.insert",
          "owner": "StructuredCommandAvailabilityOwner",
          "commandOwner": "StructuredDocumentDomainAdapter",
          "code": "EDIT_MODE_REQUIRED",
          "reason": "وضع القراءة غير قابل للتحرير؛ يتطلب هذا الأمر وضع التحرير.",
          "availabilityOwner": "StructuredCommandAvailabilityOwner",
          "enabled": false,
          "policyRevision": "structured-command-availability-vs05-r2-read-mode",
          "mutabilityClass": "document-mutation",
          "readModeAllowed": false
        },
        "result": {
          "ok": false,
          "code": "EDIT_MODE_REQUIRED",
          "reason": "وضع القراءة غير قابل للتحرير؛ يتطلب هذا الأمر وضع التحرير."
        },
        "zeroDocumentMutation": true,
        "zeroHistoryFrame": true,
        "zeroWorkingRevisionAdvance": true,
        "zeroDirtyTransition": true,
        "zeroAdapterMutationReceipt": true,
        "zeroRegistryReceipt": true
      },
      "edit": {
        "status": "PASS",
        "availability": {
          "id": "block.insert",
          "owner": "StructuredCommandAvailabilityOwner",
          "commandOwner": "StructuredDocumentDomainAdapter",
          "code": "AVAILABLE",
          "reason": "",
          "availabilityOwner": "StructuredCommandAvailabilityOwner",
          "enabled": true,
          "policyRevision": "structured-command-availability-vs05-r2-read-mode",
          "targetKind": "gap"
        },
        "result": {
          "ok": true,
          "code": "APPLIED"
        },
        "registryReceiptDelta": 1
      }
    },
    {
      "command": "block.duplicate",
      "mutability": {
        "class": "document-mutation",
        "persistentDocumentMutation": true,
        "readModeAllowed": false
      },
      "read": {
        "status": "PASS",
        "availability": {
          "id": "block.duplicate",
          "owner": "StructuredCommandAvailabilityOwner",
          "commandOwner": "StructuredDocumentDomainAdapter",
          "code": "EDIT_MODE_REQUIRED",
          "reason": "وضع القراءة غير قابل للتحرير؛ يتطلب هذا الأمر وضع التحرير.",
          "availabilityOwner": "StructuredCommandAvailabilityOwner",
          "enabled": false,
          "policyRevision": "structured-command-availability-vs05-r2-read-mode",
          "mutabilityClass": "document-mutation",
          "readModeAllowed": false
        },
        "result": {
          "ok": false,
          "code": "EDIT_MODE_REQUIRED",
          "reason": "وضع القراءة غير قابل للتحرير؛ يتطلب هذا الأمر وضع التحرير."
        },
        "zeroDocumentMutation": true,
        "zeroHistoryFrame": true,
        "zeroWorkingRevisionAdvance": true,
        "zeroDirtyTransition": true,
        "zeroAdapterMutationReceipt": true,
        "zeroRegistryReceipt": true
      },
      "edit": {
        "status": "PASS",
        "availability": {
          "id": "block.duplicate",
          "owner": "StructuredCommandAvailabilityOwner",
          "commandOwner": "StructuredDocumentDomainAdapter",
          "code": "AVAILABLE",
          "reason": "",
          "availabilityOwner": "StructuredCommandAvailabilityOwner",
          "enabled": true,
          "policyRevision": "structured-command-availability-vs05-r2-read-mode"
        },
        "result": {
          "ok": true,
          "code": "APPLIED"
        },
        "registryReceiptDelta": 1
      }
    },
    {
      "command": "block.delete",
      "mutability": {
        "class": "document-mutation",
        "persistentDocumentMutation": true,
        "readModeAllowed": false
      },
      "read": {
        "status": "PASS",
        "availability": {
          "id": "block.delete",
          "owner": "StructuredCommandAvailabilityOwner",
          "commandOwner": "StructuredDocumentDomainAdapter",
          "code": "EDIT_MODE_REQUIRED",
          "reason": "وضع القراءة غير قابل للتحرير؛ يتطلب هذا الأمر وضع التحرير.",
          "availabilityOwner": "StructuredCommandAvailabilityOwner",
          "enabled": false,
          "policyRevision": "structured-command-availability-vs05-r2-read-mode",
          "mutabilityClass": "document-mutation",
          "readModeAllowed": false
        },
        "result": {
          "ok": false,
          "code": "EDIT_MODE_REQUIRED",
          "reason": "وضع القراءة غير قابل للتحرير؛ يتطلب هذا الأمر وضع التحرير."
        },
        "zeroDocumentMutation": true,
        "zeroHistoryFrame": true,
        "zeroWorkingRevisionAdvance": true,
        "zeroDirtyTransition": true,
        "zeroAdapterMutationReceipt": true,
        "zeroRegistryReceipt": true
      },
      "edit": {
        "status": "PASS",
        "availability": {
          "id": "block.delete",
          "owner": "StructuredCommandAvailabilityOwner",
          "commandOwner": "StructuredDocumentDomainAdapter",
          "code": "AVAILABLE",
          "reason": "",
          "availabilityOwner": "StructuredCommandAvailabilityOwner",
          "enabled": true,
          "policyRevision": "structured-command-availability-vs05-r2-read-mode",
          "destructive": true,
          "subtreeCount": 1,
          "requiresStructuralConfirmation": false
        },
        "result": {
          "ok": true,
          "code": "APPLIED"
        },
        "registryReceiptDelta": 1
      }
    },
    {
      "command": "block.moveUp",
      "mutability": {
        "class": "document-mutation",
        "persistentDocumentMutation": true,
        "readModeAllowed": false
      },
      "read": {
        "status": "PASS",
        "availability": {
          "id": "block.moveUp",
          "owner": "StructuredCommandAvailabilityOwner",
          "commandOwner": "StructuredDocumentDomainAdapter",
          "code": "EDIT_MODE_REQUIRED",
          "reason": "وضع القراءة غير قابل للتحرير؛ يتطلب هذا الأمر وضع التحرير.",
          "availabilityOwner": "StructuredCommandAvailabilityOwner",
          "enabled": false,
          "policyRevision": "structured-command-availability-vs05-r2-read-mode",
          "mutabilityClass": "document-mutation",
          "readModeAllowed": false
        },
        "result": {
          "ok": false,
          "code": "EDIT_MODE_REQUIRED",
          "reason": "وضع القراءة غير قابل للتحرير؛ يتطلب هذا الأمر وضع التحرير."
        },
        "zeroDocumentMutation": true,
        "zeroHistoryFrame": true,
        "zeroWorkingRevisionAdvance": true,
        "zeroDirtyTransition": true,
        "zeroAdapterMutationReceipt": true,
        "zeroRegistryReceipt": true
      },
      "edit": {
        "status": "PASS",
        "availability": {
          "id": "block.moveUp",
          "owner": "StructuredCommandAvailabilityOwner",
          "commandOwner": "StructuredDocumentDomainAdapter",
          "code": "AVAILABLE",
          "reason": "",
          "availabilityOwner": "StructuredCommandAvailabilityOwner",
          "enabled": true,
          "policyRevision": "structured-command-availability-vs05-r2-read-mode"
        },
        "result": {
          "ok": true,
          "code": "APPLIED"
        },
        "registryReceiptDelta": 1
      }
    },
    {
      "command": "block.moveDown",
      "mutability": {
        "class": "document-mutation",
        "persistentDocumentMutation": true,
        "readModeAllowed": false
      },
      "read": {
        "status": "PASS",
        "availability": {
          "id": "block.moveDown",
          "owner": "StructuredCommandAvailabilityOwner",
          "commandOwner": "StructuredDocumentDomainAdapter",
          "code": "EDIT_MODE_REQUIRED",
          "reason": "وضع القراءة غير قابل للتحرير؛ يتطلب هذا الأمر وضع التحرير.",
          "availabilityOwner": "StructuredCommandAvailabilityOwner",
          "enabled": false,
          "policyRevision": "structured-command-availability-vs05-r2-read-mode",
          "mutabilityClass": "document-mutation",
          "readModeAllowed": false
        },
        "result": {
          "ok": false,
          "code": "EDIT_MODE_REQUIRED",
          "reason": "وضع القراءة غير قابل للتحرير؛ يتطلب هذا الأمر وضع التحرير."
        },
        "zeroDocumentMutation": true,
        "zeroHistoryFrame": true,
        "zeroWorkingRevisionAdvance": true,
        "zeroDirtyTransition": true,
        "zeroAdapterMutationReceipt": true,
        "zeroRegistryReceipt": true
      },
      "edit": {
        "status": "PASS",
        "availability": {
          "id": "block.moveDown",
          "owner": "StructuredCommandAvailabilityOwner",
          "commandOwner": "StructuredDocumentDomainAdapter",
          "code": "AVAILABLE",
          "reason": "",
          "availabilityOwner": "StructuredCommandAvailabilityOwner",
          "enabled": true,
          "policyRevision": "structured-command-availability-vs05-r2-read-mode"
        },
        "result": {
          "ok": true,
          "code": "APPLIED"
        },
        "registryReceiptDelta": 1
      }
    },
    {
      "command": "block.moveStart",
      "mutability": {
        "class": "document-mutation",
        "persistentDocumentMutation": true,
        "readModeAllowed": false
      },
      "read": {
        "status": "PASS",
        "availability": {
          "id": "block.moveStart",
          "owner": "StructuredCommandAvailabilityOwner",
          "commandOwner": "StructuredDocumentDomainAdapter",
          "code": "EDIT_MODE_REQUIRED",
          "reason": "وضع القراءة غير قابل للتحرير؛ يتطلب هذا الأمر وضع التحرير.",
          "availabilityOwner": "StructuredCommandAvailabilityOwner",
          "enabled": false,
          "policyRevision": "structured-command-availability-vs05-r2-read-mode",
          "mutabilityClass": "document-mutation",
          "readModeAllowed": false
        },
        "result": {
          "ok": false,
          "code": "EDIT_MODE_REQUIRED",
          "reason": "وضع القراءة غير قابل للتحرير؛ يتطلب هذا الأمر وضع التحرير."
        },
        "zeroDocumentMutation": true,
        "zeroHistoryFrame": true,
        "zeroWorkingRevisionAdvance": true,
        "zeroDirtyTransition": true,
        "zeroAdapterMutationReceipt": true,
        "zeroRegistryReceipt": true
      },
      "edit": {
        "status": "PASS",
        "availability": {
          "id": "block.moveStart",
          "owner": "StructuredCommandAvailabilityOwner",
          "commandOwner": "StructuredDocumentDomainAdapter",
          "code": "AVAILABLE",
          "reason": "",
          "availabilityOwner": "StructuredCommandAvailabilityOwner",
          "enabled": true,
          "policyRevision": "structured-command-availability-vs05-r2-read-mode"
        },
        "result": {
          "ok": true,
          "code": "APPLIED"
        },
        "registryReceiptDelta": 1
      }
    },
    {
      "command": "block.moveEnd",
      "mutability": {
        "class": "document-mutation",
        "persistentDocumentMutation": true,
        "readModeAllowed": false
      },
      "read": {
        "status": "PASS",
        "availability": {
          "id": "block.moveEnd",
          "owner": "StructuredCommandAvailabilityOwner",
          "commandOwner": "StructuredDocumentDomainAdapter",
          "code": "EDIT_MODE_REQUIRED",
          "reason": "وضع القراءة غير قابل للتحرير؛ يتطلب هذا الأمر وضع التحرير.",
          "availabilityOwner": "StructuredCommandAvailabilityOwner",
          "enabled": false,
          "policyRevision": "structured-command-availability-vs05-r2-read-mode",
          "mutabilityClass": "document-mutation",
          "readModeAllowed": false
        },
        "result": {
          "ok": false,
          "code": "EDIT_MODE_REQUIRED",
          "reason": "وضع القراءة غير قابل للتحرير؛ يتطلب هذا الأمر وضع التحرير."
        },
        "zeroDocumentMutation": true,
        "zeroHistoryFrame": true,
        "zeroWorkingRevisionAdvance": true,
        "zeroDirtyTransition": true,
        "zeroAdapterMutationReceipt": true,
        "zeroRegistryReceipt": true
      },
      "edit": {
        "status": "PASS",
        "availability": {
          "id": "block.moveEnd",
          "owner": "StructuredCommandAvailabilityOwner",
          "commandOwner": "StructuredDocumentDomainAdapter",
          "code": "AVAILABLE",
          "reason": "",
          "availabilityOwner": "StructuredCommandAvailabilityOwner",
          "enabled": true,
          "policyRevision": "structured-command-availability-vs05-r2-read-mode"
        },
        "result": {
          "ok": true,
          "code": "APPLIED"
        },
        "registryReceiptDelta": 1
      }
    },
    {
      "command": "block.moveToGap",
      "mutability": {
        "class": "document-mutation",
        "persistentDocumentMutation": true,
        "readModeAllowed": false
      },
      "read": {
        "status": "PASS",
        "availability": {
          "id": "block.moveToGap",
          "owner": "StructuredCommandAvailabilityOwner",
          "commandOwner": "StructuredDocumentDomainAdapter",
          "code": "EDIT_MODE_REQUIRED",
          "reason": "وضع القراءة غير قابل للتحرير؛ يتطلب هذا الأمر وضع التحرير.",
          "availabilityOwner": "StructuredCommandAvailabilityOwner",
          "enabled": false,
          "policyRevision": "structured-command-availability-vs05-r2-read-mode",
          "mutabilityClass": "document-mutation",
          "readModeAllowed": false
        },
        "result": {
          "ok": false,
          "code": "EDIT_MODE_REQUIRED",
          "reason": "وضع القراءة غير قابل للتحرير؛ يتطلب هذا الأمر وضع التحرير."
        },
        "zeroDocumentMutation": true,
        "zeroHistoryFrame": true,
        "zeroWorkingRevisionAdvance": true,
        "zeroDirtyTransition": true,
        "zeroAdapterMutationReceipt": true,
        "zeroRegistryReceipt": true
      },
      "edit": {
        "status": "PASS",
        "availability": {
          "id": "block.moveToGap",
          "owner": "StructuredCommandAvailabilityOwner",
          "commandOwner": "StructuredDocumentDomainAdapter",
          "code": "AVAILABLE",
          "reason": "",
          "availabilityOwner": "StructuredCommandAvailabilityOwner",
          "enabled": true,
          "policyRevision": "structured-command-availability-vs05-r2-read-mode",
          "target": {
            "kind": "gap",
            "parentId": null,
            "index": 0,
            "depth": 0
          }
        },
        "result": {
          "ok": true,
          "code": "APPLIED"
        },
        "registryReceiptDelta": 1
      }
    },
    {
      "command": "block.indent",
      "mutability": {
        "class": "document-mutation",
        "persistentDocumentMutation": true,
        "readModeAllowed": false
      },
      "read": {
        "status": "PASS",
        "availability": {
          "id": "block.indent",
          "owner": "StructuredCommandAvailabilityOwner",
          "commandOwner": "StructuredDocumentDomainAdapter",
          "code": "EDIT_MODE_REQUIRED",
          "reason": "وضع القراءة غير قابل للتحرير؛ يتطلب هذا الأمر وضع التحرير.",
          "availabilityOwner": "StructuredCommandAvailabilityOwner",
          "enabled": false,
          "policyRevision": "structured-command-availability-vs05-r2-read-mode",
          "mutabilityClass": "document-mutation",
          "readModeAllowed": false
        },
        "result": {
          "ok": false,
          "code": "EDIT_MODE_REQUIRED",
          "reason": "وضع القراءة غير قابل للتحرير؛ يتطلب هذا الأمر وضع التحرير."
        },
        "zeroDocumentMutation": true,
        "zeroHistoryFrame": true,
        "zeroWorkingRevisionAdvance": true,
        "zeroDirtyTransition": true,
        "zeroAdapterMutationReceipt": true,
        "zeroRegistryReceipt": true
      },
      "edit": {
        "status": "PASS",
        "availability": {
          "id": "block.indent",
          "owner": "StructuredCommandAvailabilityOwner",
          "commandOwner": "StructuredDocumentDomainAdapter",
          "code": "AVAILABLE",
          "reason": "",
          "availabilityOwner": "StructuredCommandAvailabilityOwner",
          "enabled": true,
          "policyRevision": "structured-command-availability-vs05-r2-read-mode",
          "mode": "local"
        },
        "result": {
          "ok": true,
          "code": "APPLIED"
        },
        "registryReceiptDelta": 1
      }
    },
    {
      "command": "block.outdent",
      "mutability": {
        "class": "document-mutation",
        "persistentDocumentMutation": true,
        "readModeAllowed": false
      },
      "read": {
        "status": "PASS",
        "availability": {
          "id": "block.outdent",
          "owner": "StructuredCommandAvailabilityOwner",
          "commandOwner": "StructuredDocumentDomainAdapter",
          "code": "EDIT_MODE_REQUIRED",
          "reason": "وضع القراءة غير قابل للتحرير؛ يتطلب هذا الأمر وضع التحرير.",
          "availabilityOwner": "StructuredCommandAvailabilityOwner",
          "enabled": false,
          "policyRevision": "structured-command-availability-vs05-r2-read-mode",
          "mutabilityClass": "document-mutation",
          "readModeAllowed": false
        },
        "result": {
          "ok": false,
          "code": "EDIT_MODE_REQUIRED",
          "reason": "وضع القراءة غير قابل للتحرير؛ يتطلب هذا الأمر وضع التحرير."
        },
        "zeroDocumentMutation": true,
        "zeroHistoryFrame": true,
        "zeroWorkingRevisionAdvance": true,
        "zeroDirtyTransition": true,
        "zeroAdapterMutationReceipt": true,
        "zeroRegistryReceipt": true
      },
      "edit": {
        "status": "PASS",
        "availability": {
          "id": "block.outdent",
          "owner": "StructuredCommandAvailabilityOwner",
          "commandOwner": "StructuredDocumentDomainAdapter",
          "code": "AVAILABLE",
          "reason": "",
          "availabilityOwner": "StructuredCommandAvailabilityOwner",
          "enabled": true,
          "policyRevision": "structured-command-availability-vs05-r2-read-mode",
          "mode": "local"
        },
        "result": {
          "ok": true,
          "code": "APPLIED"
        },
        "registryReceiptDelta": 1
      }
    },
    {
      "command": "block.split",
      "mutability": {
        "class": "document-mutation",
        "persistentDocumentMutation": true,
        "readModeAllowed": false
      },
      "read": {
        "status": "PASS",
        "availability": {
          "id": "block.split",
          "owner": "StructuredCommandAvailabilityOwner",
          "commandOwner": "StructuredDocumentDomainAdapter",
          "code": "EDIT_MODE_REQUIRED",
          "reason": "وضع القراءة غير قابل للتحرير؛ يتطلب هذا الأمر وضع التحرير.",
          "availabilityOwner": "StructuredCommandAvailabilityOwner",
          "enabled": false,
          "policyRevision": "structured-command-availability-vs05-r2-read-mode",
          "mutabilityClass": "document-mutation",
          "readModeAllowed": false
        },
        "result": {
          "ok": false,
          "code": "EDIT_MODE_REQUIRED",
          "reason": "وضع القراءة غير قابل للتحرير؛ يتطلب هذا الأمر وضع التحرير."
        },
        "zeroDocumentMutation": true,
        "zeroHistoryFrame": true,
        "zeroWorkingRevisionAdvance": true,
        "zeroDirtyTransition": true,
        "zeroAdapterMutationReceipt": true,
        "zeroRegistryReceipt": true
      },
      "edit": {
        "status": "PASS",
        "availability": {
          "id": "block.split",
          "owner": "StructuredCommandAvailabilityOwner",
          "commandOwner": "StructuredDocumentDomainAdapter",
          "code": "AVAILABLE",
          "reason": "",
          "availabilityOwner": "StructuredCommandAvailabilityOwner",
          "enabled": true,
          "policyRevision": "structured-command-availability-vs05-r2-read-mode"
        },
        "result": {
          "ok": true,
          "code": "APPLIED"
        },
        "registryReceiptDelta": 1
      }
    },
    {
      "command": "block.mergeBackward",
      "mutability": {
        "class": "document-mutation",
        "persistentDocumentMutation": true,
        "readModeAllowed": false
      },
      "read": {
        "status": "PASS",
        "availability": {
          "id": "block.mergeBackward",
          "owner": "StructuredCommandAvailabilityOwner",
          "commandOwner": "StructuredDocumentDomainAdapter",
          "code": "EDIT_MODE_REQUIRED",
          "reason": "وضع القراءة غير قابل للتحرير؛ يتطلب هذا الأمر وضع التحرير.",
          "availabilityOwner": "StructuredCommandAvailabilityOwner",
          "enabled": false,
          "policyRevision": "structured-command-availability-vs05-r2-read-mode",
          "mutabilityClass": "document-mutation",
          "readModeAllowed": false
        },
        "result": {
          "ok": false,
          "code": "EDIT_MODE_REQUIRED",
          "reason": "وضع القراءة غير قابل للتحرير؛ يتطلب هذا الأمر وضع التحرير."
        },
        "zeroDocumentMutation": true,
        "zeroHistoryFrame": true,
        "zeroWorkingRevisionAdvance": true,
        "zeroDirtyTransition": true,
        "zeroAdapterMutationReceipt": true,
        "zeroRegistryReceipt": true
      },
      "edit": {
        "status": "PASS",
        "availability": {
          "id": "block.mergeBackward",
          "owner": "StructuredCommandAvailabilityOwner",
          "commandOwner": "StructuredDocumentDomainAdapter",
          "code": "AVAILABLE",
          "reason": "",
          "availabilityOwner": "StructuredCommandAvailabilityOwner",
          "enabled": true,
          "policyRevision": "structured-command-availability-vs05-r2-read-mode",
          "previewMode": "merge"
        },
        "result": {
          "ok": true,
          "code": "APPLIED"
        },
        "registryReceiptDelta": 1
      }
    },
    {
      "command": "block.mergeForward",
      "mutability": {
        "class": "document-mutation",
        "persistentDocumentMutation": true,
        "readModeAllowed": false
      },
      "read": {
        "status": "PASS",
        "availability": {
          "id": "block.mergeForward",
          "owner": "StructuredCommandAvailabilityOwner",
          "commandOwner": "StructuredDocumentDomainAdapter",
          "code": "EDIT_MODE_REQUIRED",
          "reason": "وضع القراءة غير قابل للتحرير؛ يتطلب هذا الأمر وضع التحرير.",
          "availabilityOwner": "StructuredCommandAvailabilityOwner",
          "enabled": false,
          "policyRevision": "structured-command-availability-vs05-r2-read-mode",
          "mutabilityClass": "document-mutation",
          "readModeAllowed": false
        },
        "result": {
          "ok": false,
          "code": "EDIT_MODE_REQUIRED",
          "reason": "وضع القراءة غير قابل للتحرير؛ يتطلب هذا الأمر وضع التحرير."
        },
        "zeroDocumentMutation": true,
        "zeroHistoryFrame": true,
        "zeroWorkingRevisionAdvance": true,
        "zeroDirtyTransition": true,
        "zeroAdapterMutationReceipt": true,
        "zeroRegistryReceipt": true
      },
      "edit": {
        "status": "PASS",
        "availability": {
          "id": "block.mergeForward",
          "owner": "StructuredCommandAvailabilityOwner",
          "commandOwner": "StructuredDocumentDomainAdapter",
          "code": "AVAILABLE",
          "reason": "",
          "availabilityOwner": "StructuredCommandAvailabilityOwner",
          "enabled": true,
          "policyRevision": "structured-command-availability-vs05-r2-read-mode"
        },
        "result": {
          "ok": true,
          "code": "APPLIED"
        },
        "registryReceiptDelta": 1
      }
    },
    {
      "command": "block.convert",
      "mutability": {
        "class": "document-mutation",
        "persistentDocumentMutation": true,
        "readModeAllowed": false
      },
      "read": {
        "status": "PASS",
        "availability": {
          "id": "block.convert",
          "owner": "StructuredCommandAvailabilityOwner",
          "commandOwner": "StructuredDocumentDomainAdapter",
          "code": "EDIT_MODE_REQUIRED",
          "reason": "وضع القراءة غير قابل للتحرير؛ يتطلب هذا الأمر وضع التحرير.",
          "availabilityOwner": "StructuredCommandAvailabilityOwner",
          "enabled": false,
          "policyRevision": "structured-command-availability-vs05-r2-read-mode",
          "mutabilityClass": "document-mutation",
          "readModeAllowed": false
        },
        "result": {
          "ok": false,
          "code": "EDIT_MODE_REQUIRED",
          "reason": "وضع القراءة غير قابل للتحرير؛ يتطلب هذا الأمر وضع التحرير."
        },
        "zeroDocumentMutation": true,
        "zeroHistoryFrame": true,
        "zeroWorkingRevisionAdvance": true,
        "zeroDirtyTransition": true,
        "zeroAdapterMutationReceipt": true,
        "zeroRegistryReceipt": true
      },
      "edit": {
        "status": "PASS",
        "availability": {
          "id": "block.convert",
          "owner": "StructuredCommandAvailabilityOwner",
          "commandOwner": "StructuredDocumentDomainAdapter",
          "code": "AVAILABLE",
          "reason": "",
          "availabilityOwner": "StructuredCommandAvailabilityOwner",
          "enabled": true,
          "policyRevision": "structured-command-availability-vs05-r2-read-mode"
        },
        "result": {
          "ok": true,
          "code": "APPLIED"
        },
        "registryReceiptDelta": 1
      }
    },
    {
      "command": "block.plainText",
      "mutability": {
        "class": "document-mutation",
        "persistentDocumentMutation": true,
        "readModeAllowed": false
      },
      "read": {
        "status": "PASS",
        "availability": {
          "id": "block.plainText",
          "owner": "StructuredCommandAvailabilityOwner",
          "commandOwner": "StructuredDocumentDomainAdapter",
          "code": "EDIT_MODE_REQUIRED",
          "reason": "وضع القراءة غير قابل للتحرير؛ يتطلب هذا الأمر وضع التحرير.",
          "availabilityOwner": "StructuredCommandAvailabilityOwner",
          "enabled": false,
          "policyRevision": "structured-command-availability-vs05-r2-read-mode",
          "mutabilityClass": "document-mutation",
          "readModeAllowed": false
        },
        "result": {
          "ok": false,
          "code": "EDIT_MODE_REQUIRED",
          "reason": "وضع القراءة غير قابل للتحرير؛ يتطلب هذا الأمر وضع التحرير."
        },
        "zeroDocumentMutation": true,
        "zeroHistoryFrame": true,
        "zeroWorkingRevisionAdvance": true,
        "zeroDirtyTransition": true,
        "zeroAdapterMutationReceipt": true,
        "zeroRegistryReceipt": true
      },
      "edit": {
        "status": "PASS",
        "availability": {
          "id": "block.plainText",
          "owner": "StructuredCommandAvailabilityOwner",
          "commandOwner": "StructuredDocumentDomainAdapter",
          "code": "AVAILABLE",
          "reason": "",
          "availabilityOwner": "StructuredCommandAvailabilityOwner",
          "enabled": true,
          "policyRevision": "structured-command-availability-vs05-r2-read-mode"
        },
        "result": {
          "ok": true,
          "code": "APPLIED"
        },
        "registryReceiptDelta": 1
      }
    },
    {
      "command": "block.align",
      "mutability": {
        "class": "document-mutation",
        "persistentDocumentMutation": true,
        "readModeAllowed": false
      },
      "read": {
        "status": "PASS",
        "availability": {
          "id": "block.align",
          "owner": "StructuredCommandAvailabilityOwner",
          "commandOwner": "StructuredDocumentDomainAdapter",
          "code": "EDIT_MODE_REQUIRED",
          "reason": "وضع القراءة غير قابل للتحرير؛ يتطلب هذا الأمر وضع التحرير.",
          "availabilityOwner": "StructuredCommandAvailabilityOwner",
          "enabled": false,
          "policyRevision": "structured-command-availability-vs05-r2-read-mode",
          "mutabilityClass": "document-mutation",
          "readModeAllowed": false
        },
        "result": {
          "ok": false,
          "code": "EDIT_MODE_REQUIRED",
          "reason": "وضع القراءة غير قابل للتحرير؛ يتطلب هذا الأمر وضع التحرير."
        },
        "zeroDocumentMutation": true,
        "zeroHistoryFrame": true,
        "zeroWorkingRevisionAdvance": true,
        "zeroDirtyTransition": true,
        "zeroAdapterMutationReceipt": true,
        "zeroRegistryReceipt": true
      },
      "edit": {
        "status": "PASS",
        "availability": {
          "id": "block.align",
          "owner": "StructuredCommandAvailabilityOwner",
          "commandOwner": "StructuredDocumentDomainAdapter",
          "code": "AVAILABLE",
          "reason": "",
          "availabilityOwner": "StructuredCommandAvailabilityOwner",
          "enabled": true,
          "policyRevision": "structured-command-availability-vs05-r2-read-mode"
        },
        "result": {
          "ok": true,
          "code": "APPLIED"
        },
        "registryReceiptDelta": 1
      }
    },
    {
      "command": "block.direction",
      "mutability": {
        "class": "document-mutation",
        "persistentDocumentMutation": true,
        "readModeAllowed": false
      },
      "read": {
        "status": "PASS",
        "availability": {
          "id": "block.direction",
          "owner": "StructuredCommandAvailabilityOwner",
          "commandOwner": "StructuredDocumentDomainAdapter",
          "code": "EDIT_MODE_REQUIRED",
          "reason": "وضع القراءة غير قابل للتحرير؛ يتطلب هذا الأمر وضع التحرير.",
          "availabilityOwner": "StructuredCommandAvailabilityOwner",
          "enabled": false,
          "policyRevision": "structured-command-availability-vs05-r2-read-mode",
          "mutabilityClass": "document-mutation",
          "readModeAllowed": false
        },
        "result": {
          "ok": false,
          "code": "EDIT_MODE_REQUIRED",
          "reason": "وضع القراءة غير قابل للتحرير؛ يتطلب هذا الأمر وضع التحرير."
        },
        "zeroDocumentMutation": true,
        "zeroHistoryFrame": true,
        "zeroWorkingRevisionAdvance": true,
        "zeroDirtyTransition": true,
        "zeroAdapterMutationReceipt": true,
        "zeroRegistryReceipt": true
      },
      "edit": {
        "status": "PASS",
        "availability": {
          "id": "block.direction",
          "owner": "StructuredCommandAvailabilityOwner",
          "commandOwner": "StructuredDocumentDomainAdapter",
          "code": "AVAILABLE",
          "reason": "",
          "availabilityOwner": "StructuredCommandAvailabilityOwner",
          "enabled": true,
          "policyRevision": "structured-command-availability-vs05-r2-read-mode"
        },
        "result": {
          "ok": true,
          "code": "APPLIED"
        },
        "registryReceiptDelta": 1
      }
    },
    {
      "command": "block.background",
      "mutability": {
        "class": "document-mutation",
        "persistentDocumentMutation": true,
        "readModeAllowed": false
      },
      "read": {
        "status": "PASS",
        "availability": {
          "id": "block.background",
          "owner": "StructuredCommandAvailabilityOwner",
          "commandOwner": "StructuredDocumentDomainAdapter",
          "code": "EDIT_MODE_REQUIRED",
          "reason": "وضع القراءة غير قابل للتحرير؛ يتطلب هذا الأمر وضع التحرير.",
          "availabilityOwner": "StructuredCommandAvailabilityOwner",
          "enabled": false,
          "policyRevision": "structured-command-availability-vs05-r2-read-mode",
          "mutabilityClass": "document-mutation",
          "readModeAllowed": false
        },
        "result": {
          "ok": false,
          "code": "EDIT_MODE_REQUIRED",
          "reason": "وضع القراءة غير قابل للتحرير؛ يتطلب هذا الأمر وضع التحرير."
        },
        "zeroDocumentMutation": true,
        "zeroHistoryFrame": true,
        "zeroWorkingRevisionAdvance": true,
        "zeroDirtyTransition": true,
        "zeroAdapterMutationReceipt": true,
        "zeroRegistryReceipt": true
      },
      "edit": {
        "status": "PASS",
        "availability": {
          "id": "block.background",
          "owner": "StructuredCommandAvailabilityOwner",
          "commandOwner": "StructuredDocumentDomainAdapter",
          "code": "AVAILABLE",
          "reason": "",
          "availabilityOwner": "StructuredCommandAvailabilityOwner",
          "enabled": true,
          "policyRevision": "structured-command-availability-vs05-r2-read-mode"
        },
        "result": {
          "ok": true,
          "code": "APPLIED"
        },
        "registryReceiptDelta": 1
      }
    },
    {
      "command": "block.clearStyle",
      "mutability": {
        "class": "document-mutation",
        "persistentDocumentMutation": true,
        "readModeAllowed": false
      },
      "read": {
        "status": "PASS",
        "availability": {
          "id": "block.clearStyle",
          "owner": "StructuredCommandAvailabilityOwner",
          "commandOwner": "StructuredDocumentDomainAdapter",
          "code": "EDIT_MODE_REQUIRED",
          "reason": "وضع القراءة غير قابل للتحرير؛ يتطلب هذا الأمر وضع التحرير.",
          "availabilityOwner": "StructuredCommandAvailabilityOwner",
          "enabled": false,
          "policyRevision": "structured-command-availability-vs05-r2-read-mode",
          "mutabilityClass": "document-mutation",
          "readModeAllowed": false
        },
        "result": {
          "ok": false,
          "code": "EDIT_MODE_REQUIRED",
          "reason": "وضع القراءة غير قابل للتحرير؛ يتطلب هذا الأمر وضع التحرير."
        },
        "zeroDocumentMutation": true,
        "zeroHistoryFrame": true,
        "zeroWorkingRevisionAdvance": true,
        "zeroDirtyTransition": true,
        "zeroAdapterMutationReceipt": true,
        "zeroRegistryReceipt": true
      },
      "edit": {
        "status": "PASS",
        "availability": {
          "id": "block.clearStyle",
          "owner": "StructuredCommandAvailabilityOwner",
          "commandOwner": "StructuredDocumentDomainAdapter",
          "code": "AVAILABLE",
          "reason": "",
          "availabilityOwner": "StructuredCommandAvailabilityOwner",
          "enabled": true,
          "policyRevision": "structured-command-availability-vs05-r2-read-mode"
        },
        "result": {
          "ok": true,
          "code": "APPLIED"
        },
        "registryReceiptDelta": 1
      }
    },
    {
      "command": "document.recoverAsNew",
      "mutability": {
        "class": "recovery-document-mutation",
        "persistentDocumentMutation": true,
        "readModeAllowed": false
      },
      "read": {
        "status": "PASS",
        "availability": {
          "id": "document.recoverAsNew",
          "owner": "StructuredCommandAvailabilityOwner",
          "commandOwner": "StructuredDocumentDomainAdapter",
          "code": "EDIT_MODE_REQUIRED",
          "reason": "وضع القراءة غير قابل للتحرير؛ يتطلب هذا الأمر وضع التحرير.",
          "availabilityOwner": "StructuredCommandAvailabilityOwner",
          "enabled": false,
          "policyRevision": "structured-command-availability-vs05-r2-read-mode",
          "mutabilityClass": "recovery-document-mutation",
          "readModeAllowed": false
        },
        "result": {
          "ok": false,
          "code": "EDIT_MODE_REQUIRED",
          "reason": "وضع القراءة غير قابل للتحرير؛ يتطلب هذا الأمر وضع التحرير."
        },
        "zeroDocumentMutation": true,
        "zeroHistoryFrame": true,
        "zeroWorkingRevisionAdvance": true,
        "zeroDirtyTransition": true,
        "zeroAdapterMutationReceipt": true,
        "zeroRegistryReceipt": true
      },
      "edit": {
        "status": "PASS",
        "availability": {
          "id": "document.recoverAsNew",
          "owner": "StructuredCommandAvailabilityOwner",
          "commandOwner": "StructuredDocumentDomainAdapter",
          "code": "AVAILABLE",
          "reason": "",
          "availabilityOwner": "StructuredCommandAvailabilityOwner",
          "enabled": true,
          "policyRevision": "structured-command-availability-vs05-r2-read-mode"
        },
        "result": {
          "ok": true
        },
        "registryReceiptDelta": 1
      }
    }
  ],
  "checkpoint": {
    "status": "PASS",
    "availability": {
      "id": "document.commit",
      "owner": "StructuredCommandAvailabilityOwner",
      "commandOwner": "StructuredDocumentDomainAdapter",
      "code": "AVAILABLE",
      "reason": "",
      "availabilityOwner": "StructuredCommandAvailabilityOwner",
      "enabled": true,
      "policyRevision": "structured-command-availability-vs05-r2-read-mode",
      "dirty": true,
      "persistedBoundaryConfigured": false
    },
    "result": {
      "status": "SAVE_BOUNDARY_UNAVAILABLE",
      "persisted": false
    },
    "zeroDocumentMutation": true,
    "zeroHistoryFrame": true,
    "zeroWorkingRevisionAdvance": true,
    "zeroDirtyTransition": true,
    "committedRevisionUnchanged": true
  },
  "negativeFixture": {
    "command": "block.align",
    "artificialReenable": true,
    "detected": true,
    "status": "PASS"
  }
}
