{
  "pass": 7,
  "fail": 0,
  "tests": [
    {
      "id": "library.rtl-ltr-scale-no-overflow",
      "status": "PASS",
      "detail": [
        {
          "locale": "ar",
          "scale": 0.8,
          "lang": "ar",
          "dir": "rtl",
          "overflow": false,
          "shellCount": 5,
          "shellOwner": "GlobalShellNavigationOwner",
          "motion": "system"
        },
        {
          "locale": "ar",
          "scale": 1.25,
          "lang": "ar",
          "dir": "rtl",
          "overflow": false,
          "shellCount": 5,
          "shellOwner": "GlobalShellNavigationOwner",
          "motion": "system"
        },
        {
          "locale": "ar",
          "scale": 2,
          "lang": "ar",
          "dir": "rtl",
          "overflow": false,
          "shellCount": 5,
          "shellOwner": "GlobalShellNavigationOwner",
          "motion": "system"
        },
        {
          "locale": "en",
          "scale": 0.8,
          "lang": "en",
          "dir": "ltr",
          "overflow": false,
          "shellCount": 5,
          "shellOwner": "GlobalShellNavigationOwner",
          "motion": "system"
        },
        {
          "locale": "en",
          "scale": 1.25,
          "lang": "en",
          "dir": "ltr",
          "overflow": false,
          "shellCount": 5,
          "shellOwner": "GlobalShellNavigationOwner",
          "motion": "system"
        },
        {
          "locale": "en",
          "scale": 2,
          "lang": "en",
          "dir": "ltr",
          "overflow": false,
          "shellCount": 5,
          "shellOwner": "GlobalShellNavigationOwner",
          "motion": "system"
        }
      ]
    },
    {
      "id": "library.settings-locale-rerender-focus-return",
      "status": "PASS",
      "detail": {
        "open": {
          "focusedBeforeOpen": false,
          "transient": "global.settings-center",
          "backdrop": true
        },
        "beforeEscape": {
          "connected": false,
          "active": "BODY",
          "body": true,
          "newInvoker": true
        },
        "afterEscape": {
          "body": false,
          "active": "BUTTON",
          "cmd": "foundation.settings",
          "isCurrentShellInvoker": true,
          "dismissal": {
            "id": "global.settings-center",
            "reason": "escape",
            "restored": true,
            "focusTargetKind": "invoker-rebound",
            "owner": "TransientFocusOwner",
            "policyTag": "topmost-first-v2"
          }
        },
        "matrix": [
          {
            "locale": "ar",
            "scale": 0.8,
            "lang": "ar",
            "dir": "rtl",
            "overflow": false,
            "shellCount": 5,
            "shellOwner": "GlobalShellNavigationOwner",
            "motion": "system"
          },
          {
            "locale": "ar",
            "scale": 1.25,
            "lang": "ar",
            "dir": "rtl",
            "overflow": false,
            "shellCount": 5,
            "shellOwner": "GlobalShellNavigationOwner",
            "motion": "system"
          },
          {
            "locale": "ar",
            "scale": 2,
            "lang": "ar",
            "dir": "rtl",
            "overflow": false,
            "shellCount": 5,
            "shellOwner": "GlobalShellNavigationOwner",
            "motion": "system"
          },
          {
            "locale": "en",
            "scale": 0.8,
            "lang": "en",
            "dir": "ltr",
            "overflow": false,
            "shellCount": 5,
            "shellOwner": "GlobalShellNavigationOwner",
            "motion": "system"
          },
          {
            "locale": "en",
            "scale": 1.25,
            "lang": "en",
            "dir": "ltr",
            "overflow": false,
            "shellCount": 5,
            "shellOwner": "GlobalShellNavigationOwner",
            "motion": "system"
          },
          {
            "locale": "en",
            "scale": 2,
            "lang": "en",
            "dir": "ltr",
            "overflow": false,
            "shellCount": 5,
            "shellOwner": "GlobalShellNavigationOwner",
            "motion": "system"
          }
        ]
      }
    },
    {
      "id": "learn.rtl-ltr-scale-no-overflow",
      "status": "PASS",
      "detail": [
        {
          "locale": "ar",
          "scale": 0.8,
          "lang": "ar",
          "dir": "rtl",
          "overflow": false,
          "shellCount": 5,
          "shellOwner": "GlobalShellNavigationOwner"
        },
        {
          "locale": "ar",
          "scale": 1.25,
          "lang": "ar",
          "dir": "rtl",
          "overflow": false,
          "shellCount": 5,
          "shellOwner": "GlobalShellNavigationOwner"
        },
        {
          "locale": "ar",
          "scale": 2,
          "lang": "ar",
          "dir": "rtl",
          "overflow": false,
          "shellCount": 5,
          "shellOwner": "GlobalShellNavigationOwner"
        },
        {
          "locale": "en",
          "scale": 0.8,
          "lang": "en",
          "dir": "ltr",
          "overflow": false,
          "shellCount": 5,
          "shellOwner": "GlobalShellNavigationOwner"
        },
        {
          "locale": "en",
          "scale": 1.25,
          "lang": "en",
          "dir": "ltr",
          "overflow": false,
          "shellCount": 5,
          "shellOwner": "GlobalShellNavigationOwner"
        },
        {
          "locale": "en",
          "scale": 2,
          "lang": "en",
          "dir": "ltr",
          "overflow": false,
          "shellCount": 5,
          "shellOwner": "GlobalShellNavigationOwner"
        }
      ]
    },
    {
      "id": "learn.settings-locale-rerender-focus-return",
      "status": "PASS",
      "detail": {
        "open": {
          "focusedBeforeOpen": false,
          "transient": "global.settings-center",
          "backdrop": true
        },
        "beforeEscape": {
          "connected": false,
          "active": "BUTTON",
          "body": false,
          "newInvoker": true
        },
        "afterEscape": {
          "body": false,
          "active": "BUTTON",
          "cmd": "foundation.settings",
          "isCurrentShellInvoker": true,
          "dismissal": {
            "id": "global.settings-center",
            "reason": "escape",
            "restored": true,
            "focusTargetKind": "invoker-rebound",
            "owner": "TransientFocusOwner",
            "policyTag": "topmost-first-v2"
          }
        },
        "matrix": [
          {
            "locale": "ar",
            "scale": 0.8,
            "lang": "ar",
            "dir": "rtl",
            "overflow": false,
            "shellCount": 5,
            "shellOwner": "GlobalShellNavigationOwner"
          },
          {
            "locale": "ar",
            "scale": 1.25,
            "lang": "ar",
            "dir": "rtl",
            "overflow": false,
            "shellCount": 5,
            "shellOwner": "GlobalShellNavigationOwner"
          },
          {
            "locale": "ar",
            "scale": 2,
            "lang": "ar",
            "dir": "rtl",
            "overflow": false,
            "shellCount": 5,
            "shellOwner": "GlobalShellNavigationOwner"
          },
          {
            "locale": "en",
            "scale": 0.8,
            "lang": "en",
            "dir": "ltr",
            "overflow": false,
            "shellCount": 5,
            "shellOwner": "GlobalShellNavigationOwner"
          },
          {
            "locale": "en",
            "scale": 1.25,
            "lang": "en",
            "dir": "ltr",
            "overflow": false,
            "shellCount": 5,
            "shellOwner": "GlobalShellNavigationOwner"
          },
          {
            "locale": "en",
            "scale": 2,
            "lang": "en",
            "dir": "ltr",
            "overflow": false,
            "shellCount": 5,
            "shellOwner": "GlobalShellNavigationOwner"
          }
        ]
      }
    },
    {
      "id": "library.sticky-pointer-layering-1440x1000",
      "status": "PASS",
      "detail": {
        "hit": {
          "x": 354.34375,
          "y": 199.546875,
          "noteId": "note-tmp-021",
          "hitId": null,
          "hitAction": "close",
          "reveal": null,
          "hostZ": "215",
          "railZ": "214",
          "shellZ": "220",
          "overflow": false
        },
        "paneReveal": {
          "exists": true,
          "rect": {
            "x": 323,
            "y": 190.546875,
            "w": 82,
            "h": 30
          },
          "hits": [
            {
              "x": 364,
              "y": 205.546875,
              "id": "leftLocalReveal"
            },
            {
              "x": 335.3,
              "y": 205.546875,
              "id": "leftLocalReveal"
            },
            {
              "x": 392.7,
              "y": 205.546875,
              "id": "leftLocalReveal"
            }
          ]
        },
        "cleanClose": {
          "before": {
            "id": "note-001",
            "x": 982.265625,
            "y": 244,
            "dirty": false,
            "hitAction": "close",
            "runtimeHas": true,
            "binding": "{\"documentId\":\"KU-D05-0021\",\"kuId\":\"KU-D05-0021\",\"blockId\":\"blk-d05-p1\",\"selection\":\"subject_id ↔ object_id\",\"route\":\"PERSONAL:CEP/W02/Library\",\"domainRef\":{\"surface\":\"library\",\"objectId\":\"KU-D05-0021\"},\"canonicalOwner\":\"NoteBindingAdapter\",\"canonicalAvailability\":\"available\"}",
            "content": "[{\"id\":\"note-001-p1\",\"type\":\"paragraph\",\"html\":\"تذكير: لا تستخدم <bdi dir=\\\"ltr\\\">tenant_id</bdi> كبديل عن فحص ملكية الكائن. English note: verify object ownership before response.\"}]"
          },
          "after": {
            "visible": false,
            "stateExists": true,
            "runtimeHas": true,
            "binding": "{\"documentId\":\"KU-D05-0021\",\"kuId\":\"KU-D05-0021\",\"blockId\":\"blk-d05-p1\",\"selection\":\"subject_id ↔ object_id\",\"route\":\"PERSONAL:CEP/W02/Library\",\"domainRef\":{\"surface\":\"library\",\"objectId\":\"KU-D05-0021\"},\"canonicalOwner\":\"NoteBindingAdapter\",\"canonicalAvailability\":\"available\"}",
            "content": "[{\"id\":\"note-001-p1\",\"type\":\"paragraph\",\"html\":\"تذكير: لا تستخدم <bdi dir=\\\"ltr\\\">tenant_id</bdi> كبديل عن فحص ملكية الكائن. English note: verify object ownership before response.\"}]"
          }
        }
      }
    },
    {
      "id": "library.sticky-pointer-layering-1024x900",
      "status": "PASS",
      "detail": {
        "hit": {
          "x": 354.34375,
          "y": 194.046875,
          "noteId": "note-tmp-021",
          "hitId": null,
          "hitAction": "close",
          "reveal": null,
          "hostZ": "215",
          "railZ": "214",
          "shellZ": "220",
          "overflow": false
        },
        "paneReveal": {
          "exists": true,
          "rect": {
            "x": 323,
            "y": 216.546875,
            "w": 82,
            "h": 30
          },
          "hits": [
            {
              "x": 364,
              "y": 231.546875,
              "id": "leftLocalReveal"
            },
            {
              "x": 335.3,
              "y": 231.546875,
              "id": "leftLocalReveal"
            },
            {
              "x": 392.7,
              "y": 231.546875,
              "id": "leftLocalReveal"
            }
          ]
        },
        "cleanClose": {
          "before": {
            "id": "note-001",
            "x": 818.265625,
            "y": 244,
            "dirty": false,
            "hitAction": "close",
            "runtimeHas": true,
            "binding": "{\"documentId\":\"KU-D05-0021\",\"kuId\":\"KU-D05-0021\",\"blockId\":\"blk-d05-p1\",\"selection\":\"subject_id ↔ object_id\",\"route\":\"PERSONAL:CEP/W02/Library\",\"domainRef\":{\"surface\":\"library\",\"objectId\":\"KU-D05-0021\"},\"canonicalOwner\":\"NoteBindingAdapter\",\"canonicalAvailability\":\"available\"}",
            "content": "[{\"id\":\"note-001-p1\",\"type\":\"paragraph\",\"html\":\"تذكير: لا تستخدم <bdi dir=\\\"ltr\\\">tenant_id</bdi> كبديل عن فحص ملكية الكائن. English note: verify object ownership before response.\"}]"
          },
          "after": {
            "visible": false,
            "stateExists": true,
            "runtimeHas": true,
            "binding": "{\"documentId\":\"KU-D05-0021\",\"kuId\":\"KU-D05-0021\",\"blockId\":\"blk-d05-p1\",\"selection\":\"subject_id ↔ object_id\",\"route\":\"PERSONAL:CEP/W02/Library\",\"domainRef\":{\"surface\":\"library\",\"objectId\":\"KU-D05-0021\"},\"canonicalOwner\":\"NoteBindingAdapter\",\"canonicalAvailability\":\"available\"}",
            "content": "[{\"id\":\"note-001-p1\",\"type\":\"paragraph\",\"html\":\"تذكير: لا تستخدم <bdi dir=\\\"ltr\\\">tenant_id</bdi> كبديل عن فحص ملكية الكائن. English note: verify object ownership before response.\"}]"
          }
        }
      }
    },
    {
      "id": "shell.current-route-canonicalization",
      "status": "PASS",
      "detail": {
        "surface": "visualize",
        "count": 5,
        "dest": [
          "library",
          "learn",
          "visualize",
          "runs",
          "enterprise"
        ],
        "route": {
          "requested": "visualize",
          "surface": "visualize",
          "kind": "product",
          "fallback": false
        }
      }
    }
  ],
  "screenshots": [
    {
      "filename": "ps01_learn_settings_focus_return_1024x900.png",
      "bytes": 111524,
      "sha256": "e21a07b31c6638c1a2ee824dc3f9e9320255812769bbd5482e8a2cd935997b13"
    },
    {
      "filename": "ps01_library_sticky_1440x1000.png",
      "bytes": 216185,
      "sha256": "bc0434c199826487399d56eee5ab9c70fb0e7a35fb58ec4c6d0fba139ddf1d88"
    },
    {
      "filename": "ps01_library_sticky_1024x900.png",
      "bytes": 145412,
      "sha256": "506e68cc0de599d17b97ac5d7cdb58a734601b1831850a5e02b7da336c41703e"
    }
  ]
}
