{
  "schemaVersion": 1,
  "mission": "PS04_OPERATIONAL_REAL_CONSUMER_XTERM_CONVERGENCE",
  "status": "PASS",
  "pass": 11,
  "fail": 0,
  "checks": [
    {
      "id": "canonical.runtime-identity-reference",
      "status": "PASS",
      "detail": {
        "source": "RuntimeAdapterReference",
        "providerId": "InternalSimulationAdapter",
        "runtimeSessionId": "sim-session-1",
        "sessionId": "sim-session-1",
        "runId": "RUN-PS04-MODEL",
        "deviceId": "device-a",
        "toolId": null,
        "deviceOrToolId": "device-a",
        "epoch": 1
      }
    },
    {
      "id": "canonical.provider-output-reread-after-command",
      "status": "PASS",
      "detail": {
        "receipt": {
          "sequence": 1,
          "sessionId": "sim-session-1",
          "deviceId": "device-a",
          "command": "shutdown",
          "semanticCommand": "device.shutdown",
          "output": "Router A: interface DOWN (simulation)",
          "changed": true,
          "provider": "InternalSimulationAdapter",
          "runtimeTruth": "INTERNAL_SIMULATION",
          "presentation": {
            "state": "completed",
            "detail": "Completed device.shutdown in InternalSimulationAdapter.",
            "sequence": 2,
            "transitions": [
              {
                "sequence": 1,
                "state": "running",
                "detail": "Executing device.shutdown in InternalSimulationAdapter."
              },
              {
                "sequence": 2,
                "state": "completed",
                "detail": "Completed device.shutdown in InternalSimulationAdapter."
              }
            ]
          }
        },
        "lastLine": {
          "command": "shutdown",
          "semanticCommand": "device.shutdown",
          "output": "Router A: interface DOWN (simulation)"
        }
      }
    },
    {
      "id": "negative.unsupported-command-is-provider-bounded",
      "status": "PASS",
      "detail": {
        "semanticCommand": "runtime.unsupported",
        "changed": false,
        "state": "error"
      }
    },
    {
      "id": "canonical.runtime-identity-epoch-refresh",
      "status": "PASS",
      "detail": {
        "disconnected": {
          "source": "RuntimeAdapterReference",
          "providerId": "InternalSimulationAdapter",
          "runtimeSessionId": "sim-session-1",
          "sessionId": "sim-session-1",
          "runId": "RUN-PS04-MODEL",
          "deviceId": "device-a",
          "toolId": null,
          "deviceOrToolId": "device-a",
          "epoch": 1
        },
        "reconnected": {
          "source": "RuntimeAdapterReference",
          "providerId": "InternalSimulationAdapter",
          "runtimeSessionId": "sim-session-1",
          "sessionId": "sim-session-1",
          "runId": "RUN-PS04-MODEL",
          "deviceId": "device-a",
          "toolId": null,
          "deviceOrToolId": "device-a",
          "epoch": 2
        }
      }
    },
    {
      "id": "presentation.split-preserved",
      "status": "PASS",
      "detail": {
        "layout": "split",
        "tabs": [
          "device-a",
          "device-b"
        ]
      }
    },
    {
      "id": "presentation.tab-reorder-select-close",
      "status": "PASS",
      "detail": {
        "tabCount": 1,
        "layout": "single",
        "active": "ops-tab::InternalSimulationAdapter::sim-session-1"
      }
    },
    {
      "id": "presentation.window-motion-eight-edges",
      "status": "PASS",
      "detail": [
        {
          "edge": "left",
          "geometry": {
            "x": 190,
            "y": 180,
            "width": 750,
            "height": 420
          }
        },
        {
          "edge": "right",
          "geometry": {
            "x": 220,
            "y": 180,
            "width": 760,
            "height": 420
          }
        },
        {
          "edge": "top",
          "geometry": {
            "x": 220,
            "y": 150,
            "width": 720,
            "height": 450
          }
        },
        {
          "edge": "bottom",
          "geometry": {
            "x": 220,
            "y": 180,
            "width": 720,
            "height": 460
          }
        },
        {
          "edge": "top-left",
          "geometry": {
            "x": 190,
            "y": 150,
            "width": 750,
            "height": 450
          }
        },
        {
          "edge": "top-right",
          "geometry": {
            "x": 220,
            "y": 150,
            "width": 760,
            "height": 450
          }
        },
        {
          "edge": "bottom-left",
          "geometry": {
            "x": 190,
            "y": 180,
            "width": 750,
            "height": 460
          }
        },
        {
          "edge": "bottom-right",
          "geometry": {
            "x": 220,
            "y": 180,
            "width": 760,
            "height": 460
          }
        }
      ]
    },
    {
      "id": "presentation.window-motion-move",
      "status": "PASS",
      "detail": {
        "x": 280,
        "y": 220,
        "width": 720,
        "height": 420
      }
    },
    {
      "id": "truth-ceiling.renderer-port-only",
      "status": "PASS",
      "detail": {
        "id": "DomOperationalTerminalRenderer",
        "kind": "DOM_FALLBACK",
        "contract": {
          "id": "TerminalRendererPort",
          "version": "1.0.0",
          "role": "TERMINAL_IO_PRESENTATION_ONLY",
          "semanticCommandOwnership": false,
          "canonicalStateOwnership": false,
          "processLifecycleOwnership": false
        }
      }
    },
    {
      "id": "negative.presentation-route-cannot-own-runtime-command",
      "status": "PASS",
      "detail": "runtime.input rejected by OperationalSessionOwner.route"
    },
    {
      "id": "negative.split-requires-second-tab",
      "status": "PASS",
      "detail": "split rejected with one tab"
    }
  ]
}
