
> cep-foundation-forge@0.2.1c check
> node tools/check-build-authority.mjs && node tools/check-duplicate-mechanics.mjs && node tools/test-writer-scaffold.mjs && python3 tools/check-w03-semantic-ownership.py && node tools/check-authority-intake.mjs && node tools/check-deferred-boundary.mjs && node tools/check-contracts.mjs && node tools/vs05-read-mode-matrix.mjs && node tools/check-vs05-command-ownership.mjs

{
  "pass": true,
  "authority": "stack/native-typescript -> dist + dist-ts",
  "canonicalSourceHashBefore": "9e3e69d0e27cd966f23d2beec0c849fe74e3cf7bc6aa86ec9196f490f4cef100",
  "canonicalSourceHashAfterBuildRuntime": "9e3e69d0e27cd966f23d2beec0c849fe74e3cf7bc6aa86ec9196f490f4cef100",
  "canonicalSourceHashAfterStackProof": "9e3e69d0e27cd966f23d2beec0c849fe74e3cf7bc6aa86ec9196f490f4cef100",
  "canonicalSourceFiles": 132,
  "generatedJsInventory": {
    "expected": 129,
    "dist": 129,
    "distTs": 129,
    "missingFromDist": [],
    "extraInDist": [],
    "missingFromDistTs": [],
    "extraInDistTs": []
  },
  "inspectedPackageCommands": [
    "build:runtime",
    "test",
    "check",
    "browser:test"
  ],
  "referencedTools": [
    "tools/browser-conformance.mjs",
    "tools/build-runtime.mjs",
    "tools/check-authority-intake.mjs",
    "tools/check-build-authority.mjs",
    "tools/check-contracts.mjs",
    "tools/check-deferred-boundary.mjs",
    "tools/check-duplicate-mechanics.mjs",
    "tools/check-vs05-command-ownership.mjs",
    "tools/check-w03-semantic-ownership.py",
    "tools/extract_donor.py",
    "tools/stack-proof.mjs",
    "tools/test-models.mjs",
    "tools/test-writer-scaffold.mjs",
    "tools/vs05-read-mode-matrix.mjs"
  ],
  "suspiciousCanonicalWriters": [],
  "buildRuntimeOutput": "{\n  \"pass\": true,\n  \"authority\": \"CANONICAL_SOURCE_TO_GENERATED_ONLY\",\n  \"source\": \"stack/native-typescript\",\n  \"destination\": \"dist\",\n  \"written\": 129,\n  \"copiedAssets\": 2,\n  \"removedStale\": 0\n}",
  "stackProofOutput": "{\"parity\":true,\"source\":\"stack/native-typescript\",\"generated\":[\"dist\",\"dist-ts\"],\"reverseGeneratedToSourceWrites\":false,\"js_tests\":{\"generatedTree\":\"dist\",\"runtime_dependencies\":0,\"build_steps\":1,\"model_pass\":210,\"model_fail\":0,\"build\":{\"pass\":true,\"authority\":\"CANONICAL_SOURCE_TO_GENERATED_ONLY\",\"source\":\"stack/native-typescript\",\"destination\":\"dist\",\"written\":129,\"copiedAssets\":2,\"removedStale\":0}},\"ts_tests\":{\"generatedTree\":\"dist-ts\",\"runtime_dependencies\":0,\"development_tool\":\"Node built-in stripTypeScriptTypes\",\"build_steps\":1,\"type_checking\":\"NOT_AVAILABLE_NOT_CLAIMED\",\"static_types\":\"Canonical TypeScript source; proof measures erasable-syntax generation parity only.\",\"model_pass\":210,\"model_fail\":0,\"emit_ms\":260.49669900000004,\"build\":{\"pass\":true,\"authority\":\"CANONICAL_SOURCE_TO_GENERATED_ONLY\",\"source\":\"stack/native-typescript\",\"destination\":\"dist-ts\",\"written\":129,\"copiedAssets\":2,\"removedStale\":0}},\"files\":129}"
}
{
  "schemaVersion": 4,
  "status": "PASS",
  "filesScanned": 128,
  "rules": [
    {
      "mechanicId": "relation.edit",
      "approvedOwners": [
        "foundation/relations.js"
      ]
    },
    {
      "mechanicId": "action.availability",
      "approvedOwners": [
        "foundation/models.js"
      ]
    },
    {
      "mechanicId": "spatial.context-suppression",
      "approvedOwners": [
        "foundation/spatial.js"
      ]
    },
    {
      "mechanicId": "workspace.panes",
      "approvedOwners": [
        "foundation/workspace-host.js"
      ]
    },
    {
      "mechanicId": "workspace.context-inspector",
      "approvedOwners": [
        "foundation/global/context-inspector.js"
      ]
    },
    {
      "mechanicId": "global.input-keymap",
      "approvedOwners": [
        "foundation/global/input-keymap.js"
      ]
    },
    {
      "mechanicId": "global.accessibility-feedback",
      "approvedOwners": [
        "foundation/global/feedback.js"
      ]
    },
    {
      "mechanicId": "workspace.bottom-deep-work",
      "approvedOwners": [
        "foundation/global/bottom-shelf.js"
      ]
    },
    {
      "mechanicId": "global.ui-scale",
      "approvedOwners": [
        "foundation/global/preferences/ui-scale.js"
      ]
    },
    {
      "mechanicId": "operational.sessions",
      "approvedOwners": [
        "foundation/operational.js",
        "foundation/models.js"
      ]
    },
    {
      "mechanicId": "structured.document",
      "approvedOwners": [
        "foundation/structured.js"
      ]
    },
    {
      "mechanicId": "structured.mutation",
      "approvedOwners": [
        "foundation/structured.js"
      ]
    },
    {
      "mechanicId": "structured.selection-clipboard",
      "approvedOwners": [
        "foundation/structured.js"
      ]
    },
    {
      "mechanicId": "structured.transaction-history-recovery",
      "approvedOwners": [
        "foundation/structured.js"
      ]
    }
  ],
  "findings": [],
  "fixtureTests": [
    {
      "id": "duplicate.relation",
      "status": "PASS",
      "expected": "POSSIBLE_DUPLICATE_SHARED_MECHANIC",
      "mechanicId": "relation.edit"
    },
    {
      "id": "duplicate.pane",
      "status": "PASS",
      "expected": "POSSIBLE_DUPLICATE_SHARED_MECHANIC",
      "mechanicId": "workspace.panes"
    },
    {
      "id": "duplicate.context",
      "status": "PASS",
      "expected": "POSSIBLE_DUPLICATE_SHARED_MECHANIC",
      "mechanicId": "workspace.context-inspector"
    },
    {
      "id": "duplicate.session",
      "status": "PASS",
      "expected": "POSSIBLE_DUPLICATE_SHARED_MECHANIC",
      "mechanicId": "operational.sessions"
    },
    {
      "id": "duplicate.structured-mutation",
      "status": "PASS",
      "expected": "POSSIBLE_DUPLICATE_SHARED_MECHANIC",
      "mechanicId": "structured.mutation"
    }
  ],
  "ownershipGuards": [
    {
      "id": "structured.compat.insert-canonical",
      "status": "PASS",
      "method": "insertBlock"
    },
    {
      "id": "structured.compat.remove-canonical",
      "status": "PASS",
      "method": "removeBlock"
    },
    {
      "id": "structured.compat.update-nonstructural-only",
      "status": "PASS",
      "method": "updateBlock"
    }
  ],
  "ownershipFixture": {
    "id": "structured.compatibility-bypass-fixture",
    "status": "PASS",
    "expected": "ALL_THREE_BYPASSES_DETECTED",
    "observed": [
      {
        "id": "structured.compat.insert-canonical",
        "status": "FAIL",
        "method": "insertBlock"
      },
      {
        "id": "structured.compat.remove-canonical",
        "status": "FAIL",
        "method": "removeBlock"
      },
      {
        "id": "structured.compat.update-nonstructural-only",
        "status": "FAIL",
        "method": "updateBlock"
      }
    ]
  },
  "historyRecoveryGuards": [
    {
      "id": "structured.history.canonical-owner",
      "status": "PASS"
    },
    {
      "id": "structured.history.adapter-delegates",
      "status": "PASS"
    },
    {
      "id": "structured.history.no-fake-save",
      "status": "PASS"
    },
    {
      "id": "structured.history.one-frame-owner",
      "status": "PASS"
    },
    {
      "id": "library.history.projects-canonical",
      "status": "PASS"
    },
    {
      "id": "library.recovery-delegates-canonical",
      "status": "PASS"
    },
    {
      "id": "library.no-direct-working-bump",
      "status": "PASS"
    },
    {
      "id": "library.save-truth",
      "status": "PASS"
    }
  ],
  "historyRecoveryNegativeFixture": {
    "id": "structured.history-recovery-negative-fixture",
    "status": "PASS",
    "expected": "ALL_HISTORY_RECOVERY_OWNERSHIP_GUARDS_FAIL",
    "observed": [
      {
        "id": "structured.history.canonical-owner",
        "status": "FAIL"
      },
      {
        "id": "structured.history.adapter-delegates",
        "status": "FAIL"
      },
      {
        "id": "structured.history.no-fake-save",
        "status": "FAIL"
      },
      {
        "id": "structured.history.one-frame-owner",
        "status": "FAIL"
      },
      {
        "id": "library.history.projects-canonical",
        "status": "FAIL"
      },
      {
        "id": "library.recovery-delegates-canonical",
        "status": "FAIL"
      },
      {
        "id": "library.no-direct-working-bump",
        "status": "FAIL"
      },
      {
        "id": "library.save-truth",
        "status": "FAIL"
      }
    ]
  },
  "deferredExceptions": [],
  "limits": "Deterministic symbol/registration heuristic plus executable Structured mutation and transaction/history/recovery semantic ownership gates with deliberate negative fixtures; novel naming still requires semantic review."
}
{
  "schemaVersion": 4,
  "pass": 164,
  "fail": 0,
  "profileCount": 23,
  "tests": [
    {
      "id": "scaffold.deterministic.audit",
      "status": "PASS",
      "detail": "byte-identical repeated generation"
    },
    {
      "id": "scaffold.authority.audit",
      "status": "PASS",
      "detail": "exact E17 parent authority bound for post-final AnalyticalCompare reconciliation test"
    },
    {
      "id": "scaffold.profile.audit",
      "status": "PASS",
      "detail": "one exact surface/profile"
    },
    {
      "id": "scaffold.domain.audit",
      "status": "PASS",
      "detail": "named thin domain adapter and no unresolved decision"
    },
    {
      "id": "scaffold.scope.audit",
      "status": "PASS",
      "detail": "Foundation/shared paths protected and old stack absent"
    },
    {
      "id": "scaffold.negative.audit",
      "status": "PASS",
      "detail": "negative proof packet present"
    },
    {
      "id": "scaffold.ready-scope.audit",
      "status": "PASS",
      "detail": "ready surface receives only own surface/domain scope"
    },
    {
      "id": "scaffold.deterministic.backup",
      "status": "PASS",
      "detail": "byte-identical repeated generation"
    },
    {
      "id": "scaffold.authority.backup",
      "status": "PASS",
      "detail": "exact E17 parent authority bound for post-final AnalyticalCompare reconciliation test"
    },
    {
      "id": "scaffold.profile.backup",
      "status": "PASS",
      "detail": "one exact surface/profile"
    },
    {
      "id": "scaffold.domain.backup",
      "status": "PASS",
      "detail": "named thin domain adapter and no unresolved decision"
    },
    {
      "id": "scaffold.scope.backup",
      "status": "PASS",
      "detail": "Foundation/shared paths protected and old stack absent"
    },
    {
      "id": "scaffold.negative.backup",
      "status": "PASS",
      "detail": "negative proof packet present"
    },
    {
      "id": "scaffold.ready-scope.backup",
      "status": "PASS",
      "detail": "ready surface receives only own surface/domain scope"
    },
    {
      "id": "scaffold.deterministic.configuration",
      "status": "PASS",
      "detail": "byte-identical repeated generation"
    },
    {
      "id": "scaffold.authority.configuration",
      "status": "PASS",
      "detail": "exact E17 parent authority bound for post-final AnalyticalCompare reconciliation test"
    },
    {
      "id": "scaffold.profile.configuration",
      "status": "PASS",
      "detail": "one exact surface/profile"
    },
    {
      "id": "scaffold.domain.configuration",
      "status": "PASS",
      "detail": "named thin domain adapter and no unresolved decision"
    },
    {
      "id": "scaffold.scope.configuration",
      "status": "PASS",
      "detail": "Foundation/shared paths protected and old stack absent"
    },
    {
      "id": "scaffold.negative.configuration",
      "status": "PASS",
      "detail": "negative proof packet present"
    },
    {
      "id": "scaffold.ready-scope.configuration",
      "status": "PASS",
      "detail": "ready surface receives only own surface/domain scope"
    },
    {
      "id": "scaffold.deterministic.enterprise",
      "status": "PASS",
      "detail": "byte-identical repeated generation"
    },
    {
      "id": "scaffold.authority.enterprise",
      "status": "PASS",
      "detail": "exact E17 parent authority bound for post-final AnalyticalCompare reconciliation test"
    },
    {
      "id": "scaffold.profile.enterprise",
      "status": "PASS",
      "detail": "one exact surface/profile"
    },
    {
      "id": "scaffold.domain.enterprise",
      "status": "PASS",
      "detail": "named thin domain adapter and no unresolved decision"
    },
    {
      "id": "scaffold.scope.enterprise",
      "status": "PASS",
      "detail": "Foundation/shared paths protected and old stack absent"
    },
    {
      "id": "scaffold.negative.enterprise",
      "status": "PASS",
      "detail": "negative proof packet present"
    },
    {
      "id": "scaffold.ready-scope.enterprise",
      "status": "PASS",
      "detail": "ready surface receives only own surface/domain scope"
    },
    {
      "id": "scaffold.deterministic.evidence",
      "status": "PASS",
      "detail": "byte-identical repeated generation"
    },
    {
      "id": "scaffold.authority.evidence",
      "status": "PASS",
      "detail": "exact E17 parent authority bound for post-final AnalyticalCompare reconciliation test"
    },
    {
      "id": "scaffold.profile.evidence",
      "status": "PASS",
      "detail": "one exact surface/profile"
    },
    {
      "id": "scaffold.domain.evidence",
      "status": "PASS",
      "detail": "named thin domain adapter and no unresolved decision"
    },
    {
      "id": "scaffold.scope.evidence",
      "status": "PASS",
      "detail": "Foundation/shared paths protected and old stack absent"
    },
    {
      "id": "scaffold.negative.evidence",
      "status": "PASS",
      "detail": "negative proof packet present"
    },
    {
      "id": "scaffold.ready-scope.evidence",
      "status": "PASS",
      "detail": "ready surface receives only own surface/domain scope"
    },
    {
      "id": "scaffold.deterministic.health",
      "status": "PASS",
      "detail": "byte-identical repeated generation"
    },
    {
      "id": "scaffold.authority.health",
      "status": "PASS",
      "detail": "exact E17 parent authority bound for post-final AnalyticalCompare reconciliation test"
    },
    {
      "id": "scaffold.profile.health",
      "status": "PASS",
      "detail": "one exact surface/profile"
    },
    {
      "id": "scaffold.domain.health",
      "status": "PASS",
      "detail": "named thin domain adapter and no unresolved decision"
    },
    {
      "id": "scaffold.scope.health",
      "status": "PASS",
      "detail": "Foundation/shared paths protected and old stack absent"
    },
    {
      "id": "scaffold.negative.health",
      "status": "PASS",
      "detail": "negative proof packet present"
    },
    {
      "id": "scaffold.ready-scope.health",
      "status": "PASS",
      "detail": "ready surface receives only own surface/domain scope"
    },
    {
      "id": "scaffold.deterministic.labs",
      "status": "PASS",
      "detail": "byte-identical repeated generation"
    },
    {
      "id": "scaffold.authority.labs",
      "status": "PASS",
      "detail": "exact E17 parent authority bound for post-final AnalyticalCompare reconciliation test"
    },
    {
      "id": "scaffold.profile.labs",
      "status": "PASS",
      "detail": "one exact surface/profile"
    },
    {
      "id": "scaffold.domain.labs",
      "status": "PASS",
      "detail": "named thin domain adapter and no unresolved decision"
    },
    {
      "id": "scaffold.scope.labs",
      "status": "PASS",
      "detail": "Foundation/shared paths protected and old stack absent"
    },
    {
      "id": "scaffold.negative.labs",
      "status": "PASS",
      "detail": "negative proof packet present"
    },
    {
      "id": "scaffold.ready-scope.labs",
      "status": "PASS",
      "detail": "ready surface receives only own surface/domain scope"
    },
    {
      "id": "scaffold.deterministic.learn",
      "status": "PASS",
      "detail": "byte-identical repeated generation"
    },
    {
      "id": "scaffold.authority.learn",
      "status": "PASS",
      "detail": "exact E17 parent authority bound for post-final AnalyticalCompare reconciliation test"
    },
    {
      "id": "scaffold.profile.learn",
      "status": "PASS",
      "detail": "one exact surface/profile"
    },
    {
      "id": "scaffold.domain.learn",
      "status": "PASS",
      "detail": "named thin domain adapter and no unresolved decision"
    },
    {
      "id": "scaffold.scope.learn",
      "status": "PASS",
      "detail": "Foundation/shared paths protected and old stack absent"
    },
    {
      "id": "scaffold.negative.learn",
      "status": "PASS",
      "detail": "negative proof packet present"
    },
    {
      "id": "scaffold.ready-scope.learn",
      "status": "PASS",
      "detail": "ready surface receives only own surface/domain scope"
    },
    {
      "id": "scaffold.deterministic.library",
      "status": "PASS",
      "detail": "byte-identical repeated generation"
    },
    {
      "id": "scaffold.authority.library",
      "status": "PASS",
      "detail": "exact E17 parent authority bound for post-final AnalyticalCompare reconciliation test"
    },
    {
      "id": "scaffold.profile.library",
      "status": "PASS",
      "detail": "one exact surface/profile"
    },
    {
      "id": "scaffold.domain.library",
      "status": "PASS",
      "detail": "named thin domain adapter and no unresolved decision"
    },
    {
      "id": "scaffold.scope.library",
      "status": "PASS",
      "detail": "Foundation/shared paths protected and old stack absent"
    },
    {
      "id": "scaffold.negative.library",
      "status": "PASS",
      "detail": "negative proof packet present"
    },
    {
      "id": "scaffold.ready-scope.library",
      "status": "PASS",
      "detail": "ready surface receives only own surface/domain scope"
    },
    {
      "id": "scaffold.deterministic.manual_ai",
      "status": "PASS",
      "detail": "byte-identical repeated generation"
    },
    {
      "id": "scaffold.authority.manual_ai",
      "status": "PASS",
      "detail": "exact E17 parent authority bound for post-final AnalyticalCompare reconciliation test"
    },
    {
      "id": "scaffold.profile.manual_ai",
      "status": "PASS",
      "detail": "one exact surface/profile"
    },
    {
      "id": "scaffold.domain.manual_ai",
      "status": "PASS",
      "detail": "named thin domain adapter and no unresolved decision"
    },
    {
      "id": "scaffold.scope.manual_ai",
      "status": "PASS",
      "detail": "Foundation/shared paths protected and old stack absent"
    },
    {
      "id": "scaffold.negative.manual_ai",
      "status": "PASS",
      "detail": "negative proof packet present"
    },
    {
      "id": "scaffold.ready-scope.manual_ai",
      "status": "PASS",
      "detail": "ready surface receives only own surface/domain scope"
    },
    {
      "id": "scaffold.deterministic.mastery",
      "status": "PASS",
      "detail": "byte-identical repeated generation"
    },
    {
      "id": "scaffold.authority.mastery",
      "status": "PASS",
      "detail": "exact E17 parent authority bound for post-final AnalyticalCompare reconciliation test"
    },
    {
      "id": "scaffold.profile.mastery",
      "status": "PASS",
      "detail": "one exact surface/profile"
    },
    {
      "id": "scaffold.domain.mastery",
      "status": "PASS",
      "detail": "named thin domain adapter and no unresolved decision"
    },
    {
      "id": "scaffold.scope.mastery",
      "status": "PASS",
      "detail": "Foundation/shared paths protected and old stack absent"
    },
    {
      "id": "scaffold.negative.mastery",
      "status": "PASS",
      "detail": "negative proof packet present"
    },
    {
      "id": "scaffold.ready-scope.mastery",
      "status": "PASS",
      "detail": "ready surface receives only own surface/domain scope"
    },
    {
      "id": "scaffold.deterministic.portfolio",
      "status": "PASS",
      "detail": "byte-identical repeated generation"
    },
    {
      "id": "scaffold.authority.portfolio",
      "status": "PASS",
      "detail": "exact E17 parent authority bound for post-final AnalyticalCompare reconciliation test"
    },
    {
      "id": "scaffold.profile.portfolio",
      "status": "PASS",
      "detail": "one exact surface/profile"
    },
    {
      "id": "scaffold.domain.portfolio",
      "status": "PASS",
      "detail": "named thin domain adapter and no unresolved decision"
    },
    {
      "id": "scaffold.scope.portfolio",
      "status": "PASS",
      "detail": "Foundation/shared paths protected and old stack absent"
    },
    {
      "id": "scaffold.negative.portfolio",
      "status": "PASS",
      "detail": "negative proof packet present"
    },
    {
      "id": "scaffold.ready-scope.portfolio",
      "status": "PASS",
      "detail": "ready surface receives only own surface/domain scope"
    },
    {
      "id": "scaffold.deterministic.processing",
      "status": "PASS",
      "detail": "byte-identical repeated generation"
    },
    {
      "id": "scaffold.authority.processing",
      "status": "PASS",
      "detail": "exact E17 parent authority bound for post-final AnalyticalCompare reconciliation test"
    },
    {
      "id": "scaffold.profile.processing",
      "status": "PASS",
      "detail": "one exact surface/profile"
    },
    {
      "id": "scaffold.domain.processing",
      "status": "PASS",
      "detail": "named thin domain adapter and no unresolved decision"
    },
    {
      "id": "scaffold.scope.processing",
      "status": "PASS",
      "detail": "Foundation/shared paths protected and old stack absent"
    },
    {
      "id": "scaffold.negative.processing",
      "status": "PASS",
      "detail": "negative proof packet present"
    },
    {
      "id": "scaffold.ready-scope.processing",
      "status": "PASS",
      "detail": "ready surface receives only own surface/domain scope"
    },
    {
      "id": "scaffold.deterministic.releases",
      "status": "PASS",
      "detail": "byte-identical repeated generation"
    },
    {
      "id": "scaffold.authority.releases",
      "status": "PASS",
      "detail": "exact E17 parent authority bound for post-final AnalyticalCompare reconciliation test"
    },
    {
      "id": "scaffold.profile.releases",
      "status": "PASS",
      "detail": "one exact surface/profile"
    },
    {
      "id": "scaffold.domain.releases",
      "status": "PASS",
      "detail": "named thin domain adapter and no unresolved decision"
    },
    {
      "id": "scaffold.scope.releases",
      "status": "PASS",
      "detail": "Foundation/shared paths protected and old stack absent"
    },
    {
      "id": "scaffold.negative.releases",
      "status": "PASS",
      "detail": "negative proof packet present"
    },
    {
      "id": "scaffold.ready-scope.releases",
      "status": "PASS",
      "detail": "ready surface receives only own surface/domain scope"
    },
    {
      "id": "scaffold.deterministic.results",
      "status": "PASS",
      "detail": "byte-identical repeated generation"
    },
    {
      "id": "scaffold.authority.results",
      "status": "PASS",
      "detail": "exact E17 parent authority bound for post-final AnalyticalCompare reconciliation test"
    },
    {
      "id": "scaffold.profile.results",
      "status": "PASS",
      "detail": "one exact surface/profile"
    },
    {
      "id": "scaffold.domain.results",
      "status": "PASS",
      "detail": "named thin domain adapter and no unresolved decision"
    },
    {
      "id": "scaffold.scope.results",
      "status": "PASS",
      "detail": "Foundation/shared paths protected and old stack absent"
    },
    {
      "id": "scaffold.negative.results",
      "status": "PASS",
      "detail": "negative proof packet present"
    },
    {
      "id": "scaffold.ready-scope.results",
      "status": "PASS",
      "detail": "ready surface receives only own surface/domain scope"
    },
    {
      "id": "scaffold.deterministic.reviews",
      "status": "PASS",
      "detail": "byte-identical repeated generation"
    },
    {
      "id": "scaffold.authority.reviews",
      "status": "PASS",
      "detail": "exact E17 parent authority bound for post-final AnalyticalCompare reconciliation test"
    },
    {
      "id": "scaffold.profile.reviews",
      "status": "PASS",
      "detail": "one exact surface/profile"
    },
    {
      "id": "scaffold.domain.reviews",
      "status": "PASS",
      "detail": "named thin domain adapter and no unresolved decision"
    },
    {
      "id": "scaffold.scope.reviews",
      "status": "PASS",
      "detail": "Foundation/shared paths protected and old stack absent"
    },
    {
      "id": "scaffold.negative.reviews",
      "status": "PASS",
      "detail": "negative proof packet present"
    },
    {
      "id": "scaffold.ready-scope.reviews",
      "status": "PASS",
      "detail": "ready surface receives only own surface/domain scope"
    },
    {
      "id": "scaffold.deterministic.rq",
      "status": "PASS",
      "detail": "byte-identical repeated generation"
    },
    {
      "id": "scaffold.authority.rq",
      "status": "PASS",
      "detail": "exact E17 parent authority bound for post-final AnalyticalCompare reconciliation test"
    },
    {
      "id": "scaffold.profile.rq",
      "status": "PASS",
      "detail": "one exact surface/profile"
    },
    {
      "id": "scaffold.domain.rq",
      "status": "PASS",
      "detail": "named thin domain adapter and no unresolved decision"
    },
    {
      "id": "scaffold.scope.rq",
      "status": "PASS",
      "detail": "Foundation/shared paths protected and old stack absent"
    },
    {
      "id": "scaffold.negative.rq",
      "status": "PASS",
      "detail": "negative proof packet present"
    },
    {
      "id": "scaffold.ready-scope.rq",
      "status": "PASS",
      "detail": "ready surface receives only own surface/domain scope"
    },
    {
      "id": "scaffold.deterministic.runs",
      "status": "PASS",
      "detail": "byte-identical repeated generation"
    },
    {
      "id": "scaffold.authority.runs",
      "status": "PASS",
      "detail": "exact E17 parent authority bound for post-final AnalyticalCompare reconciliation test"
    },
    {
      "id": "scaffold.profile.runs",
      "status": "PASS",
      "detail": "one exact surface/profile"
    },
    {
      "id": "scaffold.domain.runs",
      "status": "PASS",
      "detail": "named thin domain adapter and no unresolved decision"
    },
    {
      "id": "scaffold.scope.runs",
      "status": "PASS",
      "detail": "Foundation/shared paths protected and old stack absent"
    },
    {
      "id": "scaffold.negative.runs",
      "status": "PASS",
      "detail": "negative proof packet present"
    },
    {
      "id": "scaffold.ready-scope.runs",
      "status": "PASS",
      "detail": "ready surface receives only own surface/domain scope"
    },
    {
      "id": "scaffold.deterministic.scenarios",
      "status": "PASS",
      "detail": "byte-identical repeated generation"
    },
    {
      "id": "scaffold.authority.scenarios",
      "status": "PASS",
      "detail": "exact E17 parent authority bound for post-final AnalyticalCompare reconciliation test"
    },
    {
      "id": "scaffold.profile.scenarios",
      "status": "PASS",
      "detail": "one exact surface/profile"
    },
    {
      "id": "scaffold.domain.scenarios",
      "status": "PASS",
      "detail": "named thin domain adapter and no unresolved decision"
    },
    {
      "id": "scaffold.scope.scenarios",
      "status": "PASS",
      "detail": "Foundation/shared paths protected and old stack absent"
    },
    {
      "id": "scaffold.negative.scenarios",
      "status": "PASS",
      "detail": "negative proof packet present"
    },
    {
      "id": "scaffold.ready-scope.scenarios",
      "status": "PASS",
      "detail": "ready surface receives only own surface/domain scope"
    },
    {
      "id": "scaffold.deterministic.shell",
      "status": "PASS",
      "detail": "byte-identical repeated generation"
    },
    {
      "id": "scaffold.authority.shell",
      "status": "PASS",
      "detail": "exact E17 parent authority bound for post-final AnalyticalCompare reconciliation test"
    },
    {
      "id": "scaffold.profile.shell",
      "status": "PASS",
      "detail": "one exact surface/profile"
    },
    {
      "id": "scaffold.domain.shell",
      "status": "PASS",
      "detail": "named thin domain adapter and no unresolved decision"
    },
    {
      "id": "scaffold.scope.shell",
      "status": "PASS",
      "detail": "Foundation/shared paths protected and old stack absent"
    },
    {
      "id": "scaffold.negative.shell",
      "status": "PASS",
      "detail": "negative proof packet present"
    },
    {
      "id": "scaffold.ready-scope.shell",
      "status": "PASS",
      "detail": "ready surface receives only own surface/domain scope"
    },
    {
      "id": "scaffold.deterministic.today",
      "status": "PASS",
      "detail": "byte-identical repeated generation"
    },
    {
      "id": "scaffold.authority.today",
      "status": "PASS",
      "detail": "exact E17 parent authority bound for post-final AnalyticalCompare reconciliation test"
    },
    {
      "id": "scaffold.profile.today",
      "status": "PASS",
      "detail": "one exact surface/profile"
    },
    {
      "id": "scaffold.domain.today",
      "status": "PASS",
      "detail": "named thin domain adapter and no unresolved decision"
    },
    {
      "id": "scaffold.scope.today",
      "status": "PASS",
      "detail": "Foundation/shared paths protected and old stack absent"
    },
    {
      "id": "scaffold.negative.today",
      "status": "PASS",
      "detail": "negative proof packet present"
    },
    {
      "id": "scaffold.ready-scope.today",
      "status": "PASS",
      "detail": "ready surface receives only own surface/domain scope"
    },
    {
      "id": "scaffold.deterministic.validation",
      "status": "PASS",
      "detail": "byte-identical repeated generation"
    },
    {
      "id": "scaffold.authority.validation",
      "status": "PASS",
      "detail": "exact E17 parent authority bound for post-final AnalyticalCompare reconciliation test"
    },
    {
      "id": "scaffold.profile.validation",
      "status": "PASS",
      "detail": "one exact surface/profile"
    },
    {
      "id": "scaffold.domain.validation",
      "status": "PASS",
      "detail": "named thin domain adapter and no unresolved decision"
    },
    {
      "id": "scaffold.scope.validation",
      "status": "PASS",
      "detail": "Foundation/shared paths protected and old stack absent"
    },
    {
      "id": "scaffold.negative.validation",
      "status": "PASS",
      "detail": "negative proof packet present"
    },
    {
      "id": "scaffold.ready-scope.validation",
      "status": "PASS",
      "detail": "ready surface receives only own surface/domain scope"
    },
    {
      "id": "scaffold.deterministic.visualize",
      "status": "PASS",
      "detail": "byte-identical repeated generation"
    },
    {
      "id": "scaffold.authority.visualize",
      "status": "PASS",
      "detail": "exact E17 parent authority bound for post-final AnalyticalCompare reconciliation test"
    },
    {
      "id": "scaffold.profile.visualize",
      "status": "PASS",
      "detail": "one exact surface/profile"
    },
    {
      "id": "scaffold.domain.visualize",
      "status": "PASS",
      "detail": "named thin domain adapter and no unresolved decision"
    },
    {
      "id": "scaffold.scope.visualize",
      "status": "PASS",
      "detail": "Foundation/shared paths protected and old stack absent"
    },
    {
      "id": "scaffold.negative.visualize",
      "status": "PASS",
      "detail": "negative proof packet present"
    },
    {
      "id": "scaffold.ready-scope.visualize",
      "status": "PASS",
      "detail": "ready surface receives only own surface/domain scope"
    },
    {
      "id": "scaffold.profile-count",
      "status": "PASS",
      "detail": [
        "audit",
        "backup",
        "configuration",
        "enterprise",
        "evidence",
        "health",
        "labs",
        "learn",
        "library",
        "manual_ai",
        "mastery",
        "portfolio",
        "processing",
        "releases",
        "results",
        "reviews",
        "rq",
        "runs",
        "scenarios",
        "shell",
        "today",
        "validation",
        "visualize"
      ]
    },
    {
      "id": "scaffold.ready-count",
      "status": "PASS",
      "detail": {
        "ready": 23
      }
    },
    {
      "id": "scaffold.blocked-exact",
      "status": "PASS",
      "detail": {
        "expected": [],
        "actual": []
      }
    }
  ]
}
W03_SEMANTIC_OWNER_VALIDATION: PASS 60/60 (69/318; cumulativeChanged=242; reviewPatch=24)
{
  "schemaVersion": 1,
  "pass": 5,
  "fail": 0,
  "tests": [
    {
      "id": "authority.all-classified",
      "status": "PASS",
      "detail": "164 retained sources explicitly intake-classified"
    },
    {
      "id": "authority.old-production-not-implementation",
      "status": "PASS",
      "detail": []
    },
    {
      "id": "authority.current-or-retained-not-ambiguous",
      "status": "PASS",
      "detail": []
    },
    {
      "id": "authority.stack-forbidden",
      "status": "PASS",
      "detail": "old stack tokens are explicit non-authority"
    },
    {
      "id": "authority.w03-role",
      "status": "PASS",
      "detail": "W03 v3.4 remains donor-only"
    }
  ]
}
{
  "schemaVersion": 1,
  "status": "PASS",
  "pass": 5,
  "fail": 0,
  "checks": [
    {
      "id": "deferred.exact-ten-ids",
      "detail": [
        "DEF-HV-001",
        "DEF-HV-002",
        "DEF-HV-003",
        "DEF-HV-004",
        "DEF-HV-005",
        "DEF-HV-006",
        "DEF-HV-007",
        "DEF-HV-008",
        "DEF-HV-009",
        "DEF-HV-010"
      ],
      "status": "PASS"
    },
    {
      "id": "deferred.all-active",
      "detail": {
        "items": 10,
        "classifications": {
          "DEFER_HIGH_VALUE": 4,
          "DEFER_TO_FAMILY_BUILD": 5,
          "DEFER_TO_SURFACE_BUILD": 1
        },
        "activeFutureObligations": 10
      },
      "status": "PASS"
    },
    {
      "id": "deferred.applicability-metadata",
      "detail": "routing metadata exists for each deferred obligation",
      "status": "PASS"
    },
    {
      "id": "deferred.named-implementations-absent",
      "detail": [],
      "status": "PASS"
    },
    {
      "id": "deferred.stack-remains-unfrozen",
      "detail": "STACK_NOT_FROZEN",
      "status": "PASS"
    }
  ],
  "truthCeiling": "Named deferred implementation owners are absent from executable source; small interface hooks/metadata do not count as implementation."
}
{
  "date": "2026-09-16T01:51:02.913Z",
  "pass": 166,
  "fail": 2,
  "tests": [
    {
      "id": "profiles.count",
      "status": "PASS",
      "detail": 23
    },
    {
      "id": "profile.audit",
      "status": "PASS",
      "detail": "61 explicit dispositions and 7 slots"
    },
    {
      "id": "profile.na_reason.audit",
      "status": "PASS",
      "detail": "substantive N/A reasons"
    },
    {
      "id": "profile.family_match.audit",
      "status": "PASS",
      "detail": "family engines match profile inheritance"
    },
    {
      "id": "profile.backup",
      "status": "PASS",
      "detail": "61 explicit dispositions and 7 slots"
    },
    {
      "id": "profile.na_reason.backup",
      "status": "PASS",
      "detail": "substantive N/A reasons"
    },
    {
      "id": "profile.family_match.backup",
      "status": "PASS",
      "detail": "family engines match profile inheritance"
    },
    {
      "id": "profile.configuration",
      "status": "PASS",
      "detail": "61 explicit dispositions and 7 slots"
    },
    {
      "id": "profile.na_reason.configuration",
      "status": "PASS",
      "detail": "substantive N/A reasons"
    },
    {
      "id": "profile.family_match.configuration",
      "status": "PASS",
      "detail": "family engines match profile inheritance"
    },
    {
      "id": "profile.enterprise",
      "status": "PASS",
      "detail": "61 explicit dispositions and 7 slots"
    },
    {
      "id": "profile.na_reason.enterprise",
      "status": "PASS",
      "detail": "substantive N/A reasons"
    },
    {
      "id": "profile.family_match.enterprise",
      "status": "PASS",
      "detail": "family engines match profile inheritance"
    },
    {
      "id": "profile.evidence",
      "status": "PASS",
      "detail": "61 explicit dispositions and 7 slots"
    },
    {
      "id": "profile.na_reason.evidence",
      "status": "PASS",
      "detail": "substantive N/A reasons"
    },
    {
      "id": "profile.family_match.evidence",
      "status": "PASS",
      "detail": "family engines match profile inheritance"
    },
    {
      "id": "profile.health",
      "status": "PASS",
      "detail": "61 explicit dispositions and 7 slots"
    },
    {
      "id": "profile.na_reason.health",
      "status": "PASS",
      "detail": "substantive N/A reasons"
    },
    {
      "id": "profile.family_match.health",
      "status": "PASS",
      "detail": "family engines match profile inheritance"
    },
    {
      "id": "profile.labs",
      "status": "PASS",
      "detail": "61 explicit dispositions and 7 slots"
    },
    {
      "id": "profile.na_reason.labs",
      "status": "PASS",
      "detail": "substantive N/A reasons"
    },
    {
      "id": "profile.family_match.labs",
      "status": "PASS",
      "detail": "family engines match profile inheritance"
    },
    {
      "id": "profile.learn",
      "status": "PASS",
      "detail": "61 explicit dispositions and 7 slots"
    },
    {
      "id": "profile.na_reason.learn",
      "status": "PASS",
      "detail": "substantive N/A reasons"
    },
    {
      "id": "profile.family_match.learn",
      "status": "PASS",
      "detail": "family engines match profile inheritance"
    },
    {
      "id": "profile.library",
      "status": "PASS",
      "detail": "61 explicit dispositions and 7 slots"
    },
    {
      "id": "profile.na_reason.library",
      "status": "PASS",
      "detail": "substantive N/A reasons"
    },
    {
      "id": "profile.family_match.library",
      "status": "PASS",
      "detail": "family engines match profile inheritance"
    },
    {
      "id": "profile.manual_ai",
      "status": "PASS",
      "detail": "61 explicit dispositions and 7 slots"
    },
    {
      "id": "profile.na_reason.manual_ai",
      "status": "PASS",
      "detail": "substantive N/A reasons"
    },
    {
      "id": "profile.family_match.manual_ai",
      "status": "PASS",
      "detail": "family engines match profile inheritance"
    },
    {
      "id": "profile.mastery",
      "status": "PASS",
      "detail": "61 explicit dispositions and 7 slots"
    },
    {
      "id": "profile.na_reason.mastery",
      "status": "PASS",
      "detail": "substantive N/A reasons"
    },
    {
      "id": "profile.family_match.mastery",
      "status": "PASS",
      "detail": "family engines match profile inheritance"
    },
    {
      "id": "profile.portfolio",
      "status": "PASS",
      "detail": "61 explicit dispositions and 7 slots"
    },
    {
      "id": "profile.na_reason.portfolio",
      "status": "PASS",
      "detail": "substantive N/A reasons"
    },
    {
      "id": "profile.family_match.portfolio",
      "status": "PASS",
      "detail": "family engines match profile inheritance"
    },
    {
      "id": "profile.processing",
      "status": "PASS",
      "detail": "61 explicit dispositions and 7 slots"
    },
    {
      "id": "profile.na_reason.processing",
      "status": "PASS",
      "detail": "substantive N/A reasons"
    },
    {
      "id": "profile.family_match.processing",
      "status": "PASS",
      "detail": "family engines match profile inheritance"
    },
    {
      "id": "profile.releases",
      "status": "PASS",
      "detail": "61 explicit dispositions and 7 slots"
    },
    {
      "id": "profile.na_reason.releases",
      "status": "PASS",
      "detail": "substantive N/A reasons"
    },
    {
      "id": "profile.family_match.releases",
      "status": "PASS",
      "detail": "family engines match profile inheritance"
    },
    {
      "id": "profile.results",
      "status": "PASS",
      "detail": "61 explicit dispositions and 7 slots"
    },
    {
      "id": "profile.na_reason.results",
      "status": "PASS",
      "detail": "substantive N/A reasons"
    },
    {
      "id": "profile.family_match.results",
      "status": "PASS",
      "detail": "family engines match profile inheritance"
    },
    {
      "id": "profile.reviews",
      "status": "PASS",
      "detail": "61 explicit dispositions and 7 slots"
    },
    {
      "id": "profile.na_reason.reviews",
      "status": "PASS",
      "detail": "substantive N/A reasons"
    },
    {
      "id": "profile.family_match.reviews",
      "status": "PASS",
      "detail": "family engines match profile inheritance"
    },
    {
      "id": "profile.rq",
      "status": "PASS",
      "detail": "61 explicit dispositions and 7 slots"
    },
    {
      "id": "profile.na_reason.rq",
      "status": "PASS",
      "detail": "substantive N/A reasons"
    },
    {
      "id": "profile.family_match.rq",
      "status": "PASS",
      "detail": "family engines match profile inheritance"
    },
    {
      "id": "profile.runs",
      "status": "PASS",
      "detail": "61 explicit dispositions and 7 slots"
    },
    {
      "id": "profile.na_reason.runs",
      "status": "PASS",
      "detail": "substantive N/A reasons"
    },
    {
      "id": "profile.family_match.runs",
      "status": "PASS",
      "detail": "family engines match profile inheritance"
    },
    {
      "id": "profile.scenarios",
      "status": "PASS",
      "detail": "61 explicit dispositions and 7 slots"
    },
    {
      "id": "profile.na_reason.scenarios",
      "status": "PASS",
      "detail": "substantive N/A reasons"
    },
    {
      "id": "profile.family_match.scenarios",
      "status": "PASS",
      "detail": "family engines match profile inheritance"
    },
    {
      "id": "profile.shell",
      "status": "PASS",
      "detail": "61 explicit dispositions and 7 slots"
    },
    {
      "id": "profile.na_reason.shell",
      "status": "PASS",
      "detail": "substantive N/A reasons"
    },
    {
      "id": "profile.family_match.shell",
      "status": "PASS",
      "detail": "family engines match profile inheritance"
    },
    {
      "id": "profile.today",
      "status": "PASS",
      "detail": "61 explicit dispositions and 7 slots"
    },
    {
      "id": "profile.na_reason.today",
      "status": "PASS",
      "detail": "substantive N/A reasons"
    },
    {
      "id": "profile.family_match.today",
      "status": "PASS",
      "detail": "family engines match profile inheritance"
    },
    {
      "id": "profile.validation",
      "status": "PASS",
      "detail": "61 explicit dispositions and 7 slots"
    },
    {
      "id": "profile.na_reason.validation",
      "status": "PASS",
      "detail": "substantive N/A reasons"
    },
    {
      "id": "profile.family_match.validation",
      "status": "PASS",
      "detail": "family engines match profile inheritance"
    },
    {
      "id": "profile.visualize",
      "status": "PASS",
      "detail": "61 explicit dispositions and 7 slots"
    },
    {
      "id": "profile.na_reason.visualize",
      "status": "PASS",
      "detail": "substantive N/A reasons"
    },
    {
      "id": "profile.family_match.visualize",
      "status": "PASS",
      "detail": "family engines match profile inheritance"
    },
    {
      "id": "commands.unique",
      "status": "PASS",
      "detail": 68
    },
    {
      "id": "commands.schema",
      "status": "PASS",
      "detail": "required command fields"
    },
    {
      "id": "preferences.schema",
      "status": "PASS",
      "detail": 42
    },
    {
      "id": "donor.identity",
      "status": "PASS",
      "detail": "exact accepted donor bytes/hash"
    },
    {
      "id": "donor.census",
      "status": "PASS",
      "detail": "330 preserved named function dispositions"
    },
    {
      "id": "matrix.complete",
      "status": "PASS",
      "detail": "23 × (40 conceptual owners + 21 executable component families)"
    },
    {
      "id": "syntax.dist/main.js",
      "status": "PASS",
      "detail": "valid"
    },
    {
      "id": "syntax.dist/model-tests.js",
      "status": "PASS",
      "detail": "valid"
    },
    {
      "id": "syntax.dist/foundation/models.js",
      "status": "PASS",
      "detail": "valid"
    },
    {
      "id": "syntax.dist/foundation/workspace.js",
      "status": "PASS",
      "detail": "valid"
    },
    {
      "id": "syntax.dist/foundation/workspace-host.js",
      "status": "PASS",
      "detail": "valid"
    },
    {
      "id": "syntax.dist/foundation/spatial.js",
      "status": "PASS",
      "detail": "valid"
    },
    {
      "id": "syntax.dist/foundation/relations.js",
      "status": "PASS",
      "detail": "valid"
    },
    {
      "id": "syntax.dist/foundation/operational.js",
      "status": "PASS",
      "detail": "valid"
    },
    {
      "id": "syntax.dist/foundation/accepted-runtime.js",
      "status": "PASS",
      "detail": "valid"
    },
    {
      "id": "syntax.dist/foundation/window-motion.js",
      "status": "PASS",
      "detail": "valid"
    },
    {
      "id": "syntax.dist/foundation/structured.js",
      "status": "PASS",
      "detail": "valid"
    },
    {
      "id": "syntax.dist/adapters/simulation.js",
      "status": "PASS",
      "detail": "valid"
    },
    {
      "id": "syntax.dist/adapters/structured-documents.js",
      "status": "PASS",
      "detail": "valid"
    },
    {
      "id": "syntax.dist/adapters/learn.js",
      "status": "PASS",
      "detail": "valid"
    },
    {
      "id": "syntax.dist/adapters/w03-enterprise.js",
      "status": "PASS",
      "detail": "valid"
    },
    {
      "id": "syntax.dist/adapters/w03-runs.js",
      "status": "PASS",
      "detail": "valid"
    },
    {
      "id": "syntax.dist/adapters/w03-v34/domain-kernel.js",
      "status": "PASS",
      "detail": "valid"
    },
    {
      "id": "syntax.dist/adapters/w03-v34/runs-fixture.js",
      "status": "PASS",
      "detail": "valid"
    },
    {
      "id": "syntax.dist/adapters/w03-v34/enterprise-fixture.js",
      "status": "PASS",
      "detail": "valid"
    },
    {
      "id": "runtime.no_host_provider",
      "status": "PASS",
      "detail": "simulation source has no host/network execution integration"
    },
    {
      "id": "operational.provider_neutral",
      "status": "PASS",
      "detail": "shared Operational presentation consumes only the RuntimeAdapter contract"
    },
    {
      "id": "structured.boundary",
      "status": "PASS",
      "detail": "executable structured ownership boundary is explicit"
    },
    {
      "id": "structured.non_library_isolation",
      "status": "PASS",
      "detail": "Learn path has no Library fixture import/state/search dependency"
    },
    {
      "id": "structured.contract_version",
      "status": "PASS",
      "detail": "Structured contract plus selection/clipboard seam are versioned"
    },
    {
      "id": "workspace.donor_free_bootstrap",
      "status": "PASS",
      "detail": "accepted runtime is conditionally imported for Library only"
    },
    {
      "id": "workspace.host_owners",
      "status": "PASS",
      "detail": "pane, transient/focus and context descriptor owners are executable"
    },
    {
      "id": "registries.current_owner_consistency",
      "status": "PASS",
      "detail": "CSV registries name the accepted Wave 1-3 executable owners and preserve provider/domain truth boundaries"
    },
    {
      "id": "generators.current_owner_consistency",
      "status": "PASS",
      "detail": "both active registry generators preserve base generation then apply the Controller-accepted current-owner reconciliation"
    },
    {
      "id": "generators.deferred_applicability_preserved",
      "status": "PASS",
      "detail": "active registry generator preserves target-relevance metadata instead of regenerating a global-only deferred ledger"
    },
    {
      "id": "runtime.baseline",
      "status": "PASS",
      "detail": "CEP-FR-E18-ANALYTICAL-COMPARE-COMPLETION"
    },
    {
      "id": "wave3.global_owners_physical",
      "status": "PASS",
      "detail": "five accepted Wave 3 Global owners are physically executable"
    },
    {
      "id": "wave3.composition_not_semantic_owner",
      "status": "PASS",
      "detail": "Controller assembly composes the five owners without becoming a parallel semantic owner"
    },
    {
      "id": "wave3.input_single_route",
      "status": "PASS",
      "detail": "Library donor key router yields when the accepted GlobalInputKeymapOwner already handled the event"
    },
    {
      "id": "wave3.context_single_route",
      "status": "PASS",
      "detail": "legacy inspector presentation is fallback-only after ContextInspectorHost assembly"
    },
    {
      "id": "wave3.bottom_single_route",
      "status": "PASS",
      "detail": "legacy bottom entry routes delegate lifecycle to BottomDeepWorkOwner when Wave 3 assembly is present"
    },
    {
      "id": "wave3.ui_scale_boundary",
      "status": "PASS",
      "detail": "UI scale policy explicitly separates application chrome scale from document/canvas zoom, density and responsive semantics"
    },
    {
      "id": "wave4.owners_physical",
      "status": "PASS",
      "detail": "Wave 4 accepted Global/Structured/bounded-Operational/contract owners are physically executable"
    },
    {
      "id": "wave4.composition_not_semantic_owner",
      "status": "PASS",
      "detail": "Wave4 assembly is Controller composition only and does not become a parallel semantic owner"
    },
    {
      "id": "wave4.settings_owner_truth",
      "status": "PASS",
      "detail": "Settings and direction are registered to their accepted Global owners"
    },
    {
      "id": "wave4.operational_maturity_ceiling",
      "status": "PASS",
      "detail": "OperationalSessionOwner remains explicitly below M6 because a second genuine provider is not proven"
    },
    {
      "id": "wave5.structured_family_accepted",
      "status": "PASS",
      "detail": "Wave5 Structured host/navigation ownership remains accepted and Wave6 final note content consumes the same accepted Structured engine"
    },
    {
      "id": "wave4.registry_owner_consistency",
      "status": "PASS",
      "detail": "Wave4 CSV registries name executable owners while preserving bounded maturity/truth boundaries"
    },
    {
      "id": "wave5.owners_physical",
      "status": "PASS",
      "detail": "Wave5 Structured host and navigation descriptor owner are physically executable"
    },
    {
      "id": "wave5.note_content_boundary",
      "status": "PASS",
      "detail": "Note-content compatibility is content-only and does not implement Wave6 window/binding ownership"
    },
    {
      "id": "wave5.registry_owner_consistency",
      "status": "PASS",
      "detail": "Wave5 registries name final Structured presentation/descriptor owners without moving canonical truth"
    },
    {
      "id": "wave5.generator_final_reconciliation",
      "status": "PASS",
      "detail": "active reconciliation generator ends in Wave5 accepted truth"
    },
    {
      "id": "wave5.generator_delegation",
      "status": "PASS",
      "detail": "both registry-generating entry points delegate their final current-owner truth to the Wave5 reconciliation generator"
    },
    {
      "id": "controller.identity_and_copies",
      "status": "PASS",
      "detail": {
        "package": {
          "identity": "CEP_FOUNDATION_PRE_WORK_RESUME_CONTROLLER_PACKET_v2.0.zip",
          "bytes": 122721,
          "sha256": "0bbb013cc767d9d7047a5a5f24fe67865f0ee4e75f9522978e6bd2ceafee406b"
        },
        "intentionalWorkingCompilationCorrection": "07_W03_69_REQUIREMENT_REUSE_MAP.csv",
        "originalPackageIdentityPreserved": true
      }
    },
    {
      "id": "runtime.component_owners",
      "status": "PASS",
      "detail": "runtime component owners are unique and complete"
    },
    {
      "id": "runtime.capability_owners",
      "status": "PASS",
      "detail": "capability owners are unique"
    },
    {
      "id": "runtime.action_surface_owners",
      "status": "PASS",
      "detail": "action surfaces have owner, routes and exits"
    },
    {
      "id": "runtime.action_commands",
      "status": "PASS",
      "detail": "every declared action command is registered"
    },
    {
      "id": "contracts.versioned",
      "status": "PASS",
      "detail": [
        "WorkspaceFoundationHost@1.0.0",
        "ContextDescriptorProvider@1.0.0",
        "RelationDomainAdapter@1.1.0",
        "StructuredDocumentDomainAdapter@1.1.0",
        "RuntimeAdapter@1.0.0",
        "ActionAvailability@1.2.1",
        "SurfaceProfile@1.0.0",
        "SemanticCommand@1.0.0",
        "GlobalInputKeymapOwner@1.0.0",
        "AccessibilityFeedbackOwner@1.0.0",
        "ContextInspectorHost@1.0.0",
        "BottomDeepWorkOwner@1.0.0",
        "UIScalePolicyOwner@1.0.0",
        "StructuredInputKeymapOwner@1.0.0",
        "StructuredActionDescriptorOwner@1.0.0",
        "InputDirectionResolver@1.0.0",
        "StructuredRichContentOwner@1.0.0",
        "StructuredDragDropOwner@1.0.0",
        "SettingsCenterOwner@1.0.0",
        "OperationalSessionOwner@0.9.0",
        "EpistemicStateContract@0.4.0",
        "ConfirmationSafetyHost@1.0.0",
        "StructuredSurfaceHost@1.0.1",
        "StructuredNavigationDescriptorOwner@1.0.0",
        "StructuredNoteContentCompatibility@1.0.0",
        "StickyNoteWindowOwner@1.0.0",
        "NoteBindingAdapter@1.0.0",
        "StructuredNoteContentAdapter@1.0.0",
        "NotesFamilyComposition@1.0.0",
        "AnalysisProviderContract@1.0.0",
        "AnalyticalCompareOwner@1.0.0",
        "AnalyticalCompareHost@1.0.0"
      ]
    },
    {
      "id": "contracts.breaking_gate",
      "status": "PASS",
      "detail": "ENFORCED_BY_CONTRACT_CHECK"
    },
    {
      "id": "contracts.version_fixtures",
      "status": "PASS",
      "detail": {
        "compatible": {
          "change": "add optional descriptor field",
          "result": "PASS"
        },
        "breaking": {
          "change": "rename required canonical state field",
          "required": [
            "affectedConsumers",
            "migrationPlan",
            "disposition",
            "conformanceProof"
          ],
          "result": "REQUIRES_MIGRATION"
        }
      }
    },
    {
      "id": "mechanics.registry",
      "status": "PASS",
      "detail": 30
    },
    {
      "id": "mechanics.duplicate_scan",
      "status": "PASS",
      "detail": "PASS"
    },
    {
      "id": "deviations.explained",
      "status": "PASS",
      "detail": "no unexplained Foundation deviation"
    },
    {
      "id": "deferred.value_filter",
      "status": "PASS",
      "detail": {
        "items": 10,
        "classifications": {
          "DEFER_HIGH_VALUE": 4,
          "DEFER_TO_FAMILY_BUILD": 5,
          "DEFER_TO_SURFACE_BUILD": 1
        },
        "activeFutureObligations": 10
      }
    },
    {
      "id": "deferred.exclusion_traceability",
      "status": "PASS",
      "detail": {
        "items": 15,
        "classifications": {
          "SUPERSEDED": 5,
          "HISTORICAL_ONLY": 1,
          "DROP_LOW_VALUE": 7,
          "DROP_DUPLICATE": 2
        },
        "activeFutureObligations": 0
      }
    },
    {
      "id": "deferred.stale_active_status_absent",
      "status": "PASS",
      "detail": []
    },
    {
      "id": "w03.identity",
      "status": "PASS",
      "detail": "exact v3.4 evidence donor identity, five sources and corrected authority"
    },
    {
      "id": "w03.reference.ENTERPRISE",
      "status": "PASS",
      "detail": "dist/reference/w03-v34/W03_ENTERPRISE_EXECUTABLE_BLUEPRINT_v3.0_SUCCESSOR_CANDIDATE.html"
    },
    {
      "id": "w03.reference.SCENARIOS",
      "status": "PASS",
      "detail": "dist/reference/w03-v34/W03_SCENARIOS_EXECUTABLE_BLUEPRINT_v3.0_SUCCESSOR_CANDIDATE.html"
    },
    {
      "id": "w03.reference.LABS",
      "status": "PASS",
      "detail": "dist/reference/w03-v34/W03_LABS_EXECUTABLE_BLUEPRINT_v3.0_SUCCESSOR_CANDIDATE.html"
    },
    {
      "id": "w03.reference.RUNS",
      "status": "PASS",
      "detail": "dist/reference/w03-v34/W03_RUNS_EXECUTABLE_BLUEPRINT_v3.0_SUCCESSOR_CANDIDATE.html"
    },
    {
      "id": "w03.reference.RESULTS",
      "status": "PASS",
      "detail": "dist/reference/w03-v34/W03_RESULTS_EXECUTABLE_BLUEPRINT_v3.0_SUCCESSOR_CANDIDATE.html"
    },
    {
      "id": "w03.dispositions_69_318",
      "status": "PASS",
      "detail": {
        "PARTIALLY_RECONCILED": 22,
        "DEFERRED_TO_NAMED_FUTURE_OWNER": 19,
        "RECONCILED_CURRENT": 28
      }
    },
    {
      "id": "w03.no_atom_task_expansion",
      "status": "PASS",
      "detail": "318 atoms remain grouped under admitted task owners"
    },
    {
      "id": "w03.truth_ceiling",
      "status": "PASS",
      "detail": "SEMANTIC_ADJUDICATION_PARTIAL; HIGH_RISK_SEMANTIC_MISROUTES_CORRECTED; map is advisory/reusable-ownership evidence, not W03 design or implementation authority."
    },
    {
      "id": "w03.work_admission_provenance_only",
      "status": "PASS",
      "detail": "HISTORICAL_PRE_V0_2_1_CONTROLLER_ADMISSION_PROVENANCE_ONLY"
    },
    {
      "id": "w03.generated_historical_fields",
      "status": "PASS",
      "detail": "raw admissions remain provenance only"
    },
    {
      "id": "w03.old_authority_zero_active",
      "status": "PASS",
      "detail": []
    },
    {
      "id": "w03.semantic_authority_alias_zero",
      "status": "PASS",
      "detail": []
    },
    {
      "id": "writer.intake",
      "status": "PASS",
      "detail": "lintable Writer intake matches current Foundation baseline"
    },
    {
      "id": "writer.scaffold",
      "status": "PASS",
      "detail": "164/0"
    },
    {
      "id": "resume.exact_ten_completed",
      "status": "PASS",
      "detail": "ALL_10_COMPLETED_FOR_BOUNDED_CANDIDATE"
    },
    {
      "id": "relations.central_reuse",
      "status": "PASS",
      "detail": "one extracted RelationInteractionOwner policy serves Visualize and Enterprise"
    },
    {
      "id": "relations.availability_inputs",
      "status": "PASS",
      "detail": "central resolver covers selection, domain, command, canonical and destructive inputs"
    },
    {
      "id": "relations.route_scope",
      "status": "PASS",
      "detail": "relation double-click is label-scoped"
    },
    {
      "id": "spatial.context_lifecycle",
      "status": "PASS",
      "detail": "context suppression clears on cancel and abnormal lifecycle"
    },
    {
      "id": "spatial.keyboard_semantics",
      "status": "PASS",
      "detail": "distinct focus/selection/camera/move/context/edit/reverse semantics"
    },
    {
      "id": "ownership.single_relation_commands",
      "status": "PASS",
      "detail": "one relation commit registration in RelationInteractionOwner; main only declares action route and relations facade registers none"
    },
    {
      "id": "ownership.single_open_terminal",
      "status": "PASS",
      "detail": "one OPEN_TERMINAL semantic owner"
    },
    {
      "id": "browser.suite_definition",
      "status": "PASS",
      "detail": "six deterministic critical browser flows are rerunnable"
    },
    {
      "id": "browser.portable_resolution",
      "status": "PASS",
      "detail": "package-local Playwright first; explicit environment override only"
    },
    {
      "id": "browser.lineage_receipt_truthful",
      "status": "FAIL",
      "detail": {
        "sourceFoundationBaseline": "CEP-FR-E18-ANALYTICAL-COMPARE-COMPLETION",
        "sourceCanonicalTreeSha256": "130323b2f8fb26fe11a47b003657ca703bd1e0c54086d785d3f7145eff73b7be",
        "currentCanonicalTreeSha256": "cc9191b66e03285e7311ea924b599b249aca551146acc45116bb7c9b39b57d82",
        "executionStatus": "EXECUTED_PASS",
        "summary": {
          "total": 6,
          "pass": 6,
          "fail": 0
        }
      }
    },
    {
      "id": "browser.current_candidate_claim_truthful",
      "status": "FAIL",
      "detail": {
        "currentUse": "EXACT_CURRENT_CANONICAL_SOURCE_EXECUTION_RECEIPT",
        "sourceCandidate": "CANONICAL_SOURCE_TREE_SHA256:130323b2f8fb26fe11a47b003657ca703bd1e0c54086d785d3f7145eff73b7be",
        "canonicalSourceFileCount": 123
      }
    },
    {
      "id": "browser.targeted_visual_evidence",
      "status": "PASS",
      "detail": "3 hash-bound screenshots (maximum 4)"
    },
    {
      "id": "model.required_regressions",
      "status": "PASS",
      "detail": "210/0"
    },
    {
      "id": "authority.intake_guard",
      "status": "PASS",
      "detail": {
        "schemaVersion": 1,
        "pass": 5,
        "fail": 0,
        "tests": [
          {
            "id": "authority.all-classified",
            "status": "PASS",
            "detail": "164 retained sources explicitly intake-classified"
          },
          {
            "id": "authority.old-production-not-implementation",
            "status": "PASS",
            "detail": []
          },
          {
            "id": "authority.current-or-retained-not-ambiguous",
            "status": "PASS",
            "detail": []
          },
          {
            "id": "authority.stack-forbidden",
            "status": "PASS",
            "detail": "old stack tokens are explicit non-authority"
          },
          {
            "id": "authority.w03-role",
            "status": "PASS",
            "detail": "W03 v3.4 remains donor-only"
          }
        ]
      }
    },
    {
      "id": "w03.semantic_review_318",
      "status": "PASS",
      "detail": {
        "rowsReviewed": 318,
        "rowsChanged": 242,
        "unchangedRows": 76,
        "method": "Bounded semantic-owner hardening of the existing 318-row compilation; v0.2.1a mappings were independently reviewed and only confirmed high-risk misroutes were corrected. No historical W03 archaeology or re-atomization."
      }
    }
  ],
  "limits": "Bounded structural/model/browser receipt validation; no Owner acceptance or final-product completeness claim."
}
