{
  "root": "/mnt/data/taskA_work/candidate",
  "pass": 6,
  "fail": 0,
  "rows": [
    {
      "id": "pw05.contract.donor-anchors",
      "status": "PASS",
      "detail": [
        "#overflowMenu",
        ".preferences-scroll",
        ".prefsection",
        ".transient-panel-head"
      ]
    },
    {
      "id": "pw05.presentation.one-open-self-close",
      "status": "PASS",
      "detail": {
        "lastSection": "preferences.editor",
        "focusCount": 1
      }
    },
    {
      "id": "pw05.search-and-keyboard",
      "status": "PASS",
      "detail": {
        "handled": true,
        "code": "FOCUS_LAST",
        "focusSectionId": "shortcuts.global",
        "owner": "SettingsCenterOwner"
      }
    },
    {
      "id": "pw05.values-delegate-to-scoped-owner",
      "status": "PASS",
      "detail": {
        "before": "dark-blue",
        "next": "light",
        "receipt": "preference-delegated-set"
      }
    },
    {
      "id": "pw05.render-donor-grade-embedded",
      "status": "PASS",
      "detail": {
        "bytes": 32911,
        "anchors": true
      }
    },
    {
      "id": "pw05.applicability-and-shortcut-separation",
      "status": "PASS",
      "detail": {
        "sectionCount": 6,
        "shortcut": "Ctrl+Comma"
      }
    }
  ]
}
