{
  "kind": "PW08_STRUCTURED_ACTION_SURFACE_FOCUSED_TESTS",
  "status": "PASS",
  "pass": 8,
  "fail": 0,
  "total": 8,
  "consumerTruth": "UNIT_SEMANTIC_PROOF_ONLY__NOT_REAL_CONSUMER_CLAIM",
  "results": [
    {
      "id": "PW08-T01_DESCRIPTOR_ROUTE_PARITY",
      "status": "PASS",
      "detail": {
        "owner": "StructuredActionDescriptorOwner",
        "count": 12,
        "truthParity": true
      }
    },
    {
      "id": "PW08-T02_UNAVAILABLE_PARITY",
      "status": "PASS",
      "detail": {
        "enabled": false,
        "code": "LEVEL_START",
        "owner": "StructuredCommandAvailabilityOwner"
      }
    },
    {
      "id": "PW08-T03_INSERTION_TARGET_CANONICAL",
      "status": "PASS",
      "detail": {
        "contract": "StructuredInsertionTargetOwner",
        "target": {
          "kind": "gap",
          "parentId": null,
          "index": 1,
          "depth": 0,
          "beforeBlockId": "learn-p1",
          "afterBlockId": "learn-h1",
          "anchorBlockId": "learn-h1",
          "position": "after"
        }
      }
    },
    {
      "id": "PW08-T04_ACTION_EXECUTION_DELEGATED",
      "status": "PASS",
      "detail": {
        "delegation": {
          "availabilityOwner": "StructuredCommandAvailabilityOwner",
          "commandOwner": "StructuredDocumentDomainAdapter",
          "mutationOwner": "StructuredMutationKernel",
          "transactionOwner": "StructuredTransactionHistoryRecoveryOwner"
        },
        "undoExact": true,
        "truthKey": "{\"actionId\":\"block.duplicate\",\"commandId\":\"block.duplicate\",\"group\":\"block\",\"danger\":false,\"destructive\":false,\"enabled\":true,\"code\":\"AVAILABLE\",\"target\":null,\"confirmation\":null,\"availabilityOwner\":\"StructuredCommandAvailabilityOwner\"}"
      }
    },
    {
      "id": "PW08-T05_PRESENTATION_CONTRACT_NO_SEMANTICS",
      "status": "PASS",
      "detail": {
        "id": "StructuredActionSurfacePresentationHost",
        "version": "1.0.0",
        "layer": "STRUCTURED_PRESENTATION_BINDING",
        "semanticOwner": false,
        "actionOwner": "StructuredActionDescriptorOwner",
        "insertionOwner": "StructuredInsertionTargetOwner",
        "selectionOwner": "StructuredSelectionKernel",
        "transientOwner": "TransientHostOwner",
        "focusOwner": "TransientFocusOwner",
        "confirmationOwner": "ConfirmationSafetyHost",
        "donorPresentation": "W02_LIBRARY_EDITOR_v1.2.17"
      }
    },
    {
      "id": "PW08-T06_ESCAPE_FOCUS_RETURN_G2",
      "status": "PASS",
      "detail": {
        "owner": "TransientFocusOwner",
        "active": [],
        "top": null,
        "modal": false,
        "lastDismissal": {
          "id": "pw08:block-menu",
          "reason": "escape",
          "restored": true,
          "focusTargetKind": "invoker",
          "owner": "TransientFocusOwner",
          "policyTag": "topmost-first-v2"
        },
        "presentationPolicyTag": "donor-modal-focus-v1"
      }
    },
    {
      "id": "PW08-T07_OUTSIDE_DISMISS_NO_STALE_TRANSIENT",
      "status": "PASS",
      "detail": {
        "active": [],
        "lastDismissal": {
          "id": "pw08:insertion-palette",
          "reason": "outside",
          "restored": false,
          "focusTargetKind": "none",
          "owner": "TransientFocusOwner",
          "policyTag": "topmost-first-v2"
        }
      }
    },
    {
      "id": "PW08-T08_CONFIRMATION_PROTECTED_TOP",
      "status": "PASS",
      "detail": {
        "protectedEscape": true,
        "protectedOutside": true,
        "owner": "TransientFocusOwner"
      }
    }
  ]
}
