{
  "status": "PASS",
  "pass": 6,
  "fail": 0,
  "failed": [],
  "source": {
    "sha256": "cc9191b66e03285e7311ea924b599b249aca551146acc45116bb7c9b39b57d82",
    "files": 132,
    "rows": [
      {
        "path": "adapters/analytical/results-compare-provider.ts",
        "bytes": 4814,
        "sha256": "76b17a403017ea7914c93e9183df455ae585d1220a0d96727e9d04ff688816bb"
      },
      {
        "path": "adapters/analytical/rq-compare-provider.ts",
        "bytes": 4046,
        "sha256": "31d348c6f31000184955e7a771865c02599a245059754215cee1e52cef6aa253"
      },
      {
        "path": "adapters/context-library-structured.ts",
        "bytes": 6452,
        "sha256": "2adf48745d4aee3dad4597fecb67c321900761dd84cea17881e1ed7d91678803"
      },
      {
        "path": "adapters/context-spatial.ts",
        "bytes": 2561,
        "sha256": "cc95945a7bd1de4527523a0d14406615abe9328c45c27cf6144925ff511cdd7c"
      },
      {
        "path": "adapters/learn.ts",
        "bytes": 769,
        "sha256": "a131f6d3bb83ad858b696b3d7dcfd79be6dd4139e2470e4441b8e99e84462c00"
      },
      {
        "path": "adapters/library-chrome.ts",
        "bytes": 4728,
        "sha256": "e94dcd29e580db015a769a62725346a2a15e60c8aec4f18daf3c58246b9efbce"
      },
      {
        "path": "adapters/library-fixtures.ts",
        "bytes": 7812,
        "sha256": "ef244a43d17cbdfbda7fe00d42677cd6a51e3748e12df41e3ca8397c7da08cc1"
      },
      {
        "path": "adapters/library-note-runtime-composition.ts",
        "bytes": 6717,
        "sha256": "8fd7a0e88e4df1eee429a5bc4ea10fd1d00b89c879b57e8c03de5122c79572c8"
      },
      {
        "path": "adapters/library-outline-descriptor.ts",
        "bytes": 4062,
        "sha256": "3b395d52610c8635b6131d03e444bb154d153890017f2767401c39e121413472"
      },
      {
        "path": "adapters/note-binding-domains.ts",
        "bytes": 3098,
        "sha256": "daa20a9dacd236b259a1d398094b0d0f146829025f4c3aaf89b715b805d7406c"
      },
      {
        "path": "adapters/note-content-direction-fixture.ts",
        "bytes": 717,
        "sha256": "c8a77cf20b4fd393484bf262e69461b0f07d7da8ddeefce0be1e00ef5ac49921"
      },
      {
        "path": "adapters/operational-bottom-provider.ts",
        "bytes": 1914,
        "sha256": "2b63efc41de6680746fbb9a20a092455a296ee325ac03f3240d5542535e58293"
      },
      {
        "path": "adapters/simulation.ts",
        "bytes": 4280,
        "sha256": "691f5657fc7896852d596fd636e2c6eceb6cba08747f34395f2441f9ef799ce9"
      },
      {
        "path": "adapters/structured-bottom-provider.ts",
        "bytes": 1837,
        "sha256": "7895edb1e77e5ac50000c76433542803fac971805d449fe8eada484c84e2c67a"
      },
      {
        "path": "adapters/structured-documents.ts",
        "bytes": 2044,
        "sha256": "dc88d75e2912efbc453549b58b0c1b94857cf74e97869863e2f72c563ade01db"
      },
      {
        "path": "adapters/structured-note-content-compatibility.ts",
        "bytes": 2207,
        "sha256": "a61f68cc839a46e3f01be6423ef7e5f6a2d50ff6fa0415c37af27063398c4bf5"
      },
      {
        "path": "adapters/structured-note-content.ts",
        "bytes": 15240,
        "sha256": "af9f321f857513047192fbd1d9aa1bc22d99322ac5e6e0b6a1c5c1e6930b54b8"
      },
      {
        "path": "adapters/w03-enterprise.ts",
        "bytes": 1766,
        "sha256": "95eddab2f65ce23cee269220b7b3a1e6da69ba167cf2200ea75e2afefa5e0f41"
      },
      {
        "path": "adapters/w03-runs.ts",
        "bytes": 2036,
        "sha256": "73124f1c086d518afddcb2441364726e9528d8d3aff8f92fd2c5501b5ce847cd"
      },
      {
        "path": "adapters/w03-v34/domain-kernel.ts",
        "bytes": 9514,
        "sha256": "4f306fd89463e5c7c4df2b8bdcdf02b0226c16c3e4ce0cfa75bcc7b5701aa3de"
      },
      {
        "path": "adapters/w03-v34/enterprise-fixture.ts",
        "bytes": 2292,
        "sha256": "76720c5ea9d05fc5926d5445aec162c7e3fb24aa8c704ee86b864c231be0de0b"
      },
      {
        "path": "adapters/w03-v34/runs-fixture.ts",
        "bytes": 5253,
        "sha256": "8f5be1ad9d0f8274ca9e3cafe7245b8fa45102f80aeb2ab56dfabf3e20db9c1e"
      },
      {
        "path": "analytical-compare-browser.ts",
        "bytes": 5478,
        "sha256": "566fda2ce354489a5e6c0792253122293c36e095f3d86d5e90f702967d43c7d3"
      },
      {
        "path": "analytical-compare-correction-tests.ts",
        "bytes": 9383,
        "sha256": "2b5680e42179db86581f86dc1c793c86832cb21aa329718b6a47a572a295742a"
      },
      {
        "path": "analytical-compare-tests.ts",
        "bytes": 21633,
        "sha256": "ea0057165c6e29278830fbc588fdedb6e4e8f89a20f1f3402a7b2eeb101b4fe6"
      },
      {
        "path": "fixtures/w4-f-runtime-contract-fixture.ts",
        "bytes": 1200,
        "sha256": "79efdcb0750d8f1cc71a57fcc6f1a81362e8aeea33f9d40b82810a5a498390d3"
      },
      {
        "path": "foundation/accepted-runtime.ts",
        "bytes": 332784,
        "sha256": "82b5bbef81b104bcb25c85df3b29751924c3292b131db6d5f051d055f183732d"
      },
      {
        "path": "foundation/analytical/compare-host.ts",
        "bytes": 8058,
        "sha256": "73adecd5668ef6c7a9cf603221857771cacf245bdf5ae5c4af435a0d43d68714"
      },
      {
        "path": "foundation/analytical/compare.ts",
        "bytes": 15691,
        "sha256": "ddb87ac8f6ad0a26476e106b2ed2d069c431ffa9b168185d16d972a60997bbbf"
      },
      {
        "path": "foundation/contracts/analysis-provider.ts",
        "bytes": 10439,
        "sha256": "6a5024ec2577d2f0b3cca4d01a08414e0b2dd49648a3f302eb531d1c60343d8a"
      },
      {
        "path": "foundation/contracts/epistemic-state.ts",
        "bytes": 13259,
        "sha256": "1415e0bfa5415ac73e0daad40fe5d1087f0cd9d36bae0914b125ceabca64801d"
      },
      {
        "path": "foundation/contracts/platform-input-direction-bridge.ts",
        "bytes": 1941,
        "sha256": "24fb870e8845b4becc6411b27aae91659889bf6573f5bc347c9998441ae1deb5"
      },
      {
        "path": "foundation/contracts/runtime-adapter.ts",
        "bytes": 3110,
        "sha256": "48c1c1887660f0e7e64e84417b241b8b6f18915bbb0651c970dc34bd5cc375d9"
      },
      {
        "path": "foundation/extensions.css",
        "bytes": 21797,
        "sha256": "dc64b9235a08c8192aa560bce657af1a47a241d4413db654177624c480935589"
      },
      {
        "path": "foundation/global/bottom-provider-contract.ts",
        "bytes": 2208,
        "sha256": "2b00bc4e4bb0a88222ee0c0ae4a3e50b6cee04063ee4dc383a86b7902144e4b0"
      },
      {
        "path": "foundation/global/bottom-shelf.ts",
        "bytes": 16604,
        "sha256": "0f96da844ed34633cb07f337a5d9b6550f1d1b8e56b427374cbc356eb2b8b78e"
      },
      {
        "path": "foundation/global/commands.ts",
        "bytes": 4306,
        "sha256": "19b36a35625418543305e84b2354a218348fcd47162acfe07ec1d8aaaa262ac4"
      },
      {
        "path": "foundation/global/confirmation-host.ts",
        "bytes": 8380,
        "sha256": "3efef2de674314608b12c8ec5b6713216d15ecbc3b2c00bb9a10d5cd7bd36330"
      },
      {
        "path": "foundation/global/context-descriptor-contract.ts",
        "bytes": 5539,
        "sha256": "d80f84abd81189c72b79a228205f9eef228d986d0ba59f5826d25411766cf0b1"
      },
      {
        "path": "foundation/global/context-inspector.ts",
        "bytes": 16656,
        "sha256": "bf665c0af63c47e79a9071123052d0c557743d1ee6339d79493c927301579e93"
      },
      {
        "path": "foundation/global/feedback-contract.ts",
        "bytes": 4463,
        "sha256": "79b04f7fffc03900ef6a4b4346b41f5c8b4c59a453399253298b595f58858364"
      },
      {
        "path": "foundation/global/feedback.ts",
        "bytes": 19939,
        "sha256": "08322e658ce1af230b82d2181a97aef59258e083953c1d5eea97f7da6044d248"
      },
      {
        "path": "foundation/global/input-direction.ts",
        "bytes": 3949,
        "sha256": "6d9d2b58966e70de15d2cdc7c6e241ebba597999763e844358b0a38532ce9c42"
      },
      {
        "path": "foundation/global/input-keymap.ts",
        "bytes": 8311,
        "sha256": "c43d649c9ccd09771f92e6c5f94c4cff3eaa3479ff3530dabc4047b1541ecc44"
      },
      {
        "path": "foundation/global/input-ownership-contract.ts",
        "bytes": 4559,
        "sha256": "bf748bdf6e58f33f48eccea5bf3209b066f344d6fb8922df81c1d4826f597349"
      },
      {
        "path": "foundation/global/pane-layout.ts",
        "bytes": 12950,
        "sha256": "14ad9c24e6e609ca58b3e43dafb6b0841e94e4367c49975df252080d589ae7fa"
      },
      {
        "path": "foundation/global/preferences/schema.ts",
        "bytes": 3149,
        "sha256": "8ef02f16aaa9a6caf39b0a7b1f7de923441695285eab6c824f34bda7492e2583"
      },
      {
        "path": "foundation/global/preferences/store.ts",
        "bytes": 5746,
        "sha256": "8ae3a06b11dcce2c7ec4825da622ca01761d8b9d2a83af8d008a4c1eeb97e934"
      },
      {
        "path": "foundation/global/preferences/ui-scale.ts",
        "bytes": 7310,
        "sha256": "f7ff0b5689e959c28b322e96cafd3c7946ab59c1b4d6836bc14deb2e21f04a4f"
      },
      {
        "path": "foundation/global/region-contract.ts",
        "bytes": 2174,
        "sha256": "2a4f1c3b2dde88c8fc62835093a4cd6e7e56aea87a603b2ce38659f32099064b"
      },
      {
        "path": "foundation/global/region-cycle.ts",
        "bytes": 5552,
        "sha256": "b5a183bf98468478e3ee26ae752368b10b151a9172c595e374de2ae235a1ab77"
      },
      {
        "path": "foundation/global/responsive-layout.ts",
        "bytes": 1584,
        "sha256": "e7f2559f389f286f6fda85533ef510a5929ad3799af9c13b9d2626d4a7330092"
      },
      {
        "path": "foundation/global/settings/center.ts",
        "bytes": 14708,
        "sha256": "150585b088c5717be4b4ebb673a24b551c162561876b23edf116f9cf2c8c8825"
      },
      {
        "path": "foundation/global/settings/search.ts",
        "bytes": 2628,
        "sha256": "df09f4d3d488f29642794c7743fd83513f781cccbb426d3e499c61b61798bdac"
      },
      {
        "path": "foundation/global/settings/sections.ts",
        "bytes": 10700,
        "sha256": "c1f975bdbf493f6c45041dfd6e2fe4bac708c83f46d504994fdd0b9e16962412"
      },
      {
        "path": "foundation/global/tokens/scale.css",
        "bytes": 1157,
        "sha256": "6e9d24c329c86b0595c956cbf6897c4bc11181c73fb7412c0fe5f20ef5664dda"
      },
      {
        "path": "foundation/global/toolbar-template.ts",
        "bytes": 3226,
        "sha256": "280090f25234721ba3ccc703cf3e76cd91e4b0312090b1bfb9868b7a3bc375b3"
      },
      {
        "path": "foundation/global/top-region.ts",
        "bytes": 4847,
        "sha256": "02cf363333c24803cac6bff3d9f35ac758b29c40c56d077230c58b06077ab0e5"
      },
      {
        "path": "foundation/global/transient-focus.ts",
        "bytes": 7033,
        "sha256": "acb0a53e800e7a3d14ba8520d8e46c2e5da5ff7e6a52afa77ea60915dbdcc0f2"
      },
      {
        "path": "foundation/global/transient-host.ts",
        "bytes": 1889,
        "sha256": "d1a819c0cdf4fed40487cc617ff0507443627ea9377dc33e9ac977c31df46c4e"
      },
      {
        "path": "foundation/global/workspace-host-kernel.ts",
        "bytes": 1998,
        "sha256": "d8e8d43d5b7c7375fca55990f08bb4ad165fa79e02c7a904f4968d1a9b1abfb0"
      },
      {
        "path": "foundation/models.ts",
        "bytes": 12584,
        "sha256": "3ed9e7a9022fb85cad1b6f55594d079396603f51b1004a69286c558029efea7b"
      },
      {
        "path": "foundation/notes/note-binding.ts",
        "bytes": 12496,
        "sha256": "ab4f79c8b6fd85457c7ed8bf8cf8b5cb170bb5bc2fb1b4d73530e426b625da4f"
      },
      {
        "path": "foundation/notes/sticky-note-window.ts",
        "bytes": 21264,
        "sha256": "4591dda6d5c3ae4dd4c8a799af5c26caa56b087d1af1c539ea5741fb60cf6c0a"
      },
      {
        "path": "foundation/operational.ts",
        "bytes": 7535,
        "sha256": "2f6b28f8942bae27fe0c65b1bb724aaca89dbf83d6ffc41ffa1950a1b0d89e7e"
      },
      {
        "path": "foundation/operational/session-owner.ts",
        "bytes": 10424,
        "sha256": "bf1ca7f13efe6c898b7986be86f4339725942106efc1db3a150f073fdedccd67"
      },
      {
        "path": "foundation/operational/terminal-host.ts",
        "bytes": 4936,
        "sha256": "ce2872bcdeec819672f10f82cd79a04254d885e5cf8c20c67b7d9d0230bdfee6"
      },
      {
        "path": "foundation/presentation-carrier/CEP_LIBRARY_EDITOR_EXECUTABLE_BLUEPRINT_v1.2.17_ACCEPTED_DESIGN_REFERENCE.html",
        "bytes": 672893,
        "sha256": "ea66b58ef122bf2f8ca23fd0aa9e461b07da11ea7390c451902e4b1592d396fd"
      },
      {
        "path": "foundation/relations.ts",
        "bytes": 4561,
        "sha256": "7c8ba7ce517de86333015e28f53d8630cc4a838f3ed7f08ef642fa63be4870a3"
      },
      {
        "path": "foundation/spatial.ts",
        "bytes": 16183,
        "sha256": "01ddaff71c99edf894fe9527aaf4bfcbeeb3c36909b6cd1e14b739455a09537b"
      },
      {
        "path": "foundation/spatial/accessible-navigator.ts",
        "bytes": 2225,
        "sha256": "33bea44ddb5663d71cf361ffdf55fae2a263c7389d6b5fc139d666f7e6af47b5"
      },
      {
        "path": "foundation/spatial/focus-contract.ts",
        "bytes": 939,
        "sha256": "bfa0752313b6b9728ab9f4aea54557c3f8bf08933b83a78ff3d3b988b3ff2926"
      },
      {
        "path": "foundation/spatial/interaction-kernel.ts",
        "bytes": 6070,
        "sha256": "dfd272d508574fd4008cb1803c703b29a5114972aa2d1ff73439ede3d8195e9a"
      },
      {
        "path": "foundation/spatial/relation-interaction.ts",
        "bytes": 11551,
        "sha256": "16e1f44fb9cf367887de4bcf43f3815ca9d07afbfd5d3da7d9ce63afa1b61d6d"
      },
      {
        "path": "foundation/spatial/selection-kernel.ts",
        "bytes": 7733,
        "sha256": "2a39792a4a264091dc18cb8d7c26d3028e8b5bb645506992828b6697a8d47129"
      },
      {
        "path": "foundation/structured.ts",
        "bytes": 77673,
        "sha256": "b45a71007591d05975c58bbf8c619c23a3a4691a319ed8bc59e44862de755cac"
      },
      {
        "path": "foundation/structured/action-descriptors.ts",
        "bytes": 10041,
        "sha256": "21452c42fdef3b3f73f0eba31dbc504016575a705fac651cba34b7a25e438714"
      },
      {
        "path": "foundation/structured/action-surfaces/presentation-host.ts",
        "bytes": 9375,
        "sha256": "5d78c205bd4acbdc092b5097485f3d064e932077f742e4b13648154c1b0d5224"
      },
      {
        "path": "foundation/structured/block-renderer.ts",
        "bytes": 6781,
        "sha256": "1d6a794fa8a82ecb35891839c2320e7a90fb71375978bbcb2a0295450529b6bc"
      },
      {
        "path": "foundation/structured/caret-bridge.ts",
        "bytes": 4748,
        "sha256": "0b494fbef2530e71a2b3c8e8201efbafcfd7c643cdf48bdad49456cf9690d5a1"
      },
      {
        "path": "foundation/structured/clipboard-contract.ts",
        "bytes": 546,
        "sha256": "f24ef6f8129f3aacfa51fc20f44e1e8ea656cc3fcca35a3f983d14ec10febce2"
      },
      {
        "path": "foundation/structured/clipboard-owner.ts",
        "bytes": 16223,
        "sha256": "871b204ed28961ab101ef5946d0f5d97d5ed97294cd6bd268613e47a877025be"
      },
      {
        "path": "foundation/structured/code-block.ts",
        "bytes": 1744,
        "sha256": "050a762d29fae15a092aec935bd60e73434a200d3db2960f753041be59332faf"
      },
      {
        "path": "foundation/structured/direction-adapter.ts",
        "bytes": 1005,
        "sha256": "dedbcd68a3959f70d4c5f61ddb81a2dd613e6c48fdce5c33f940ceaa21804687"
      },
      {
        "path": "foundation/structured/drag-drop.ts",
        "bytes": 7691,
        "sha256": "c029a395666cc8b77d4c56d95e629e0251e963f34200e8b32be2174923c39d3c"
      },
      {
        "path": "foundation/structured/drop-target.ts",
        "bytes": 8038,
        "sha256": "cb1d58b10d6e22d79432c61a9236641af8923c87c91b236a69514bd9efcb0b53"
      },
      {
        "path": "foundation/structured/input-keymap.ts",
        "bytes": 17658,
        "sha256": "c2d26c7f508afbd710731e22ead4c652564e68dba19f80520311f05d7697a1dc"
      },
      {
        "path": "foundation/structured/insertion-targets.ts",
        "bytes": 4610,
        "sha256": "4893b15b731d3d7122589fbedd0a1113d75dda62c351e6e9193e462f8cfad89c"
      },
      {
        "path": "foundation/structured/outline-descriptor.ts",
        "bytes": 16780,
        "sha256": "f89b75936f27c822dc8fa8583a2215d805384752f77e05a2ecff288e6c4b7e61"
      },
      {
        "path": "foundation/structured/outline-host.ts",
        "bytes": 8132,
        "sha256": "28baa735069925a3237d67e00e7a3bf3c603245555ec21338d22776ff4c39df0"
      },
      {
        "path": "foundation/structured/presentation-bridge.ts",
        "bytes": 12975,
        "sha256": "9429d8cf3a3346e2b1904aa084ac59dc90f24541fd560c63c83ce0afd61a19a4"
      },
      {
        "path": "foundation/structured/read-inspection.ts",
        "bytes": 6753,
        "sha256": "6ded261816bd2a6d35078cd42fc0f2300f16a4d4004899eede6acf07ebd91255"
      },
      {
        "path": "foundation/structured/rich-content.ts",
        "bytes": 6571,
        "sha256": "2849980da547cadb981574ba4f6cd3257cbb013b5d82f093fabcac4303007480"
      },
      {
        "path": "foundation/structured/sanitization-policy.ts",
        "bytes": 3282,
        "sha256": "1e873e2e5ca1fc976202927e2c5e574f9c45a1b647dace450df459cb4b5d6de4"
      },
      {
        "path": "foundation/structured/selection-contract.ts",
        "bytes": 592,
        "sha256": "93c77df617f5148568082e368ad9366897f15c14c76c5dd8474d30ebfbe26960"
      },
      {
        "path": "foundation/structured/selection-dom-bridge.ts",
        "bytes": 2249,
        "sha256": "452360f40d2ff34659f396672ed24f83df3deaf658a8102613e7a899db346f7c"
      },
      {
        "path": "foundation/structured/selection-kernel.ts",
        "bytes": 13375,
        "sha256": "82016a5984164e2422c79e60372dc150f8eba176600707b11e2028e522e24a37"
      },
      {
        "path": "foundation/structured/shorthand.ts",
        "bytes": 1341,
        "sha256": "de256ed6c75bb069a0d90fa2989fdfe2a61c07a278c00e61e8b4de43c2528e69"
      },
      {
        "path": "foundation/structured/surface-host.ts",
        "bytes": 24660,
        "sha256": "8c62dd22ee5f4c24463ec0110b08265268d3a9b9f5e81c2c3e094febb3159824"
      },
      {
        "path": "foundation/wave3-assembly.ts",
        "bytes": 15600,
        "sha256": "b6a6bed5636c1a27231ca1b7e58a6cb1200cb6ac967462d6512fe72e558ca086"
      },
      {
        "path": "foundation/wave4-assembly.ts",
        "bytes": 9966,
        "sha256": "1bcf451923cfe2721e27c8238e02fb046b6afef327af2a9a3f7de2e83b753f9d"
      },
      {
        "path": "foundation/window-motion.ts",
        "bytes": 6670,
        "sha256": "011afed1a5d4842166f2a8e66cb06689fa6de1e98cdc80f2cc86e24fd4b015bb"
      },
      {
        "path": "foundation/workspace-host.ts",
        "bytes": 15738,
        "sha256": "e39fe169f9cef1505f6774559b7e05c97c3ac3f50891d703d89c69f1ba5a2d04"
      },
      {
        "path": "foundation/workspace.ts",
        "bytes": 16403,
        "sha256": "065c12e8cdc4ebb8dfd9c93b3511cd9a97128c1cd63101d4c8fe6711c0bd3fd5"
      },
      {
        "path": "main.ts",
        "bytes": 31578,
        "sha256": "9a07b8f32e75d7872a48bf28a82b1c55a7f6b258d8edb72192e70c6a850718e6"
      },
      {
        "path": "model-tests.ts",
        "bytes": 173512,
        "sha256": "e377379c585d902b767f849cd99557f66a47bc3e2eaed9c353a62a9c5dab7d93"
      },
      {
        "path": "pw08-structured-action-surfaces-tests.ts",
        "bytes": 7930,
        "sha256": "53f0728be11793a555813f01e2f76fc7e86b11381995d66c41eceba22ecf029b"
      },
      {
        "path": "pw11-sticky-note-window-tests.ts",
        "bytes": 6120,
        "sha256": "d937f8a09e6b1e5cf620b838510df5c9a2992ffe05bd0c36d6b6425b60ee5692"
      },
      {
        "path": "w3-d-bottom-deep-work-tests.ts",
        "bytes": 15810,
        "sha256": "7d6a3ee0ab68862d42eba7acfe75b04ba37354770408b100e42405d81def65dc"
      },
      {
        "path": "w4-c-direction-rich-content-tests.ts",
        "bytes": 13070,
        "sha256": "b1adbf1d0e12b341ea5698f284e819f94d7156f953770093b055138e11b96251"
      },
      {
        "path": "w4-d-structured-drag-drop-tests.ts",
        "bytes": 7739,
        "sha256": "6cce627e614f6883e0d7b718386ee4cb716d7e4731fc5446d576d0ffc628b92f"
      },
      {
        "path": "w4-e-settings-center-tests.ts",
        "bytes": 19105,
        "sha256": "2c8c5c3a6ee3ad037254867463841944da7fa1d0c6a8a6518690aee9659e1308"
      },
      {
        "path": "w4-f-operational-session-tests.ts",
        "bytes": 8439,
        "sha256": "8139a9c43310900e9f8f475db76cd018a81f40c327f540c3e1faffe48814a680"
      },
      {
        "path": "w4-g-epistemic-confirmation-tests.ts",
        "bytes": 16849,
        "sha256": "2643ddb93130ca6f942b63157ff32093be240a8663d0063d73ea185af0a56074"
      },
      {
        "path": "w5-a-structured-surface-host-browser.ts",
        "bytes": 9072,
        "sha256": "f9ffd345dec2551a3f5bc78c15d2422358f4a59713ee139d94ce382e84eae1fd"
      },
      {
        "path": "w5-a-structured-surface-host-tests.ts",
        "bytes": 44410,
        "sha256": "f22ac348ecafe47c7252824d556e72aba563dab664c7d5de039c765e4d8c8480"
      },
      {
        "path": "w5-b-structured-navigation-browser-harness.ts",
        "bytes": 2394,
        "sha256": "5fdf52dc32a4c0a9012a9cb12c82404b5a3e831242b372e6e490c5c31078abcf"
      },
      {
        "path": "w5-b-structured-navigation-correction-tests.ts",
        "bytes": 9097,
        "sha256": "625e0353e4b157f3de73a411179c0335acecbbcd6d61af241b583639ff0435da"
      },
      {
        "path": "w5-b-structured-navigation-delta2-tests.ts",
        "bytes": 11343,
        "sha256": "7650ed0b69181d843695eab7d2699f9c5f908f808c9733c341224347481e2b84"
      },
      {
        "path": "w5-b-structured-navigation-micro3-tests.ts",
        "bytes": 4909,
        "sha256": "6e0a32150550918c971bb6a443adc78a4a9316ddae9792cf8bd4fb1f03473bb7"
      },
      {
        "path": "w5-b-structured-navigation-tests.ts",
        "bytes": 10660,
        "sha256": "3bd0ae85d188c864011e87ed599ef6b25055181007a7019a9721ff3d358a71bd"
      },
      {
        "path": "w5-c-structured-consumer-parity-browser.ts",
        "bytes": 11121,
        "sha256": "9568cf9343a790ca9387b547761f3857c7a480825e9786d63b486e247e1d79bc"
      },
      {
        "path": "w5-c-structured-consumer-parity-tests.ts",
        "bytes": 25310,
        "sha256": "ebf72e374e2510d9cfef8e58f6c3e668877716d18b196fa75297c70a9b736d3d"
      },
      {
        "path": "w6-a-sticky-note-window-browser.ts",
        "bytes": 2808,
        "sha256": "4623c02fb4896c334f62d3cfcf6ad3345422ae2b7237f453571600bb05fda6f2"
      },
      {
        "path": "w6-a-sticky-note-window-tests.ts",
        "bytes": 10628,
        "sha256": "7b7f3ab3bfd801bbdaedcfc1388b1b1d84b339b09d84794c1ce380948e0373f4"
      },
      {
        "path": "w6-b-note-binding-browser.ts",
        "bytes": 3469,
        "sha256": "60b28b023d4858ec846dde951edddddb85c8566717364659806d3c4036c2c2c2"
      },
      {
        "path": "w6-b-note-binding-correction-tests.ts",
        "bytes": 7796,
        "sha256": "511a3c77c8300e8538756ddf212eaf18471b5ef60753d72617473df9bc339fb9"
      },
      {
        "path": "w6-b-note-binding-tests.ts",
        "bytes": 17361,
        "sha256": "27528a6244f8dd1cf504059169d846b0ac052846296b2ec5484e420a5b9d62af"
      },
      {
        "path": "w6-c-structured-note-content-browser.ts",
        "bytes": 8535,
        "sha256": "4c5eba08588079341995a8b48f1146be7558b2cce3e2594c7aae0dc1b916f939"
      },
      {
        "path": "w6-c-structured-note-content-correction-browser.ts",
        "bytes": 5456,
        "sha256": "e880b161bbb1f29cf1841bc5c9fdd8a1a6f6c0922d3d0eb4ca2a710cb245f18a"
      },
      {
        "path": "w6-c-structured-note-content-correction-tests.ts",
        "bytes": 9830,
        "sha256": "c9114a91d93012a20b44b1ec51fcfc2123422afc9d2ce8b905199a215caf7b6e"
      },
      {
        "path": "w6-c-structured-note-content-tests.ts",
        "bytes": 38150,
        "sha256": "9d5cbd6cfcdc1943ed3b9323a872e6e8b18cafaaa0cf4f343c7597253854fb3a"
      }
    ]
  },
  "file": "/mnt/data/taskA_work/candidate/assurance/TASK_A/R3/FINAL_FOUNDATION_R3_CHUNK_1.json"
}
